Archive member included to satisfy reference by file (symbol)

app/libapp.a(main.c.obj)      (--whole-archive)
app/libapp.a(counter.c.obj)   (--whole-archive)
zephyr/libzephyr.a(heap.c.obj)
                              (--whole-archive)
zephyr/libzephyr.a(cbprintf_packaged.c.obj)
                              (--whole-archive)
zephyr/libzephyr.a(printk.c.obj)
                              (--whole-archive)
zephyr/libzephyr.a(sem.c.obj)
                              (--whole-archive)
zephyr/libzephyr.a(thread_entry.c.obj)
                              (--whole-archive)
zephyr/libzephyr.a(cbprintf_complete.c.obj)
                              (--whole-archive)
zephyr/libzephyr.a(assert.c.obj)
                              (--whole-archive)
zephyr/libzephyr.a(dec.c.obj)
                              (--whole-archive)
zephyr/libzephyr.a(hex.c.obj)
                              (--whole-archive)
zephyr/libzephyr.a(rb.c.obj)  (--whole-archive)
zephyr/libzephyr.a(timeutil.c.obj)
                              (--whole-archive)
zephyr/libzephyr.a(bitarray.c.obj)
                              (--whole-archive)
zephyr/libzephyr.a(configs.c.obj)
                              (--whole-archive)
zephyr/libzephyr.a(stm32cube_hal.c.obj)
                              (--whole-archive)
zephyr/libzephyr.a(soc_config.c.obj)
                              (--whole-archive)
zephyr/libzephyr.a(soc.c.obj)
                              (--whole-archive)
zephyr/libzephyr.a(log_minimal.c.obj)
                              (--whole-archive)
zephyr/libzephyr.a(mem_attr.c.obj)
                              (--whole-archive)
zephyr/libzephyr.a(tracing_none.c.obj)
                              (--whole-archive)
zephyr/arch/common/libarch__common.a(sw_isr_common.c.obj)
                              (--whole-archive)
zephyr/arch/arch/arm/core/libarch__arm__core.a(fatal.c.obj)
                              (--whole-archive)
zephyr/arch/arch/arm/core/libarch__arm__core.a(nmi.c.obj)
                              (--whole-archive)
zephyr/arch/arch/arm/core/libarch__arm__core.a(nmi_on_reset.S.obj)
                              (--whole-archive)
zephyr/arch/arch/arm/core/libarch__arm__core.a(tls.c.obj)
                              (--whole-archive)
zephyr/arch/arch/arm/core/cortex_m/libarch__arm__core__cortex_m.a(exc_exit.c.obj)
                              (--whole-archive)
zephyr/arch/arch/arm/core/cortex_m/libarch__arm__core__cortex_m.a(fault.c.obj)
                              (--whole-archive)
zephyr/arch/arch/arm/core/cortex_m/libarch__arm__core__cortex_m.a(fault_s.S.obj)
                              (--whole-archive)
zephyr/arch/arch/arm/core/cortex_m/libarch__arm__core__cortex_m.a(fpu.c.obj)
                              (--whole-archive)
zephyr/arch/arch/arm/core/cortex_m/libarch__arm__core__cortex_m.a(reset.S.obj)
                              (--whole-archive)
zephyr/arch/arch/arm/core/cortex_m/libarch__arm__core__cortex_m.a(scb.c.obj)
                              (--whole-archive)
zephyr/arch/arch/arm/core/cortex_m/libarch__arm__core__cortex_m.a(thread_abort.c.obj)
                              (--whole-archive)
zephyr/arch/arch/arm/core/cortex_m/libarch__arm__core__cortex_m.a(vector_table.S.obj)
                              (--whole-archive)
zephyr/arch/arch/arm/core/cortex_m/libarch__arm__core__cortex_m.a(swap.c.obj)
                              (--whole-archive)
zephyr/arch/arch/arm/core/cortex_m/libarch__arm__core__cortex_m.a(swap_helper.S.obj)
                              (--whole-archive)
zephyr/arch/arch/arm/core/cortex_m/libarch__arm__core__cortex_m.a(irq_manage.c.obj)
                              (--whole-archive)
zephyr/arch/arch/arm/core/cortex_m/libarch__arm__core__cortex_m.a(prep_c.c.obj)
                              (--whole-archive)
zephyr/arch/arch/arm/core/cortex_m/libarch__arm__core__cortex_m.a(thread.c.obj)
                              (--whole-archive)
zephyr/arch/arch/arm/core/cortex_m/libarch__arm__core__cortex_m.a(cpu_idle.c.obj)
                              (--whole-archive)
zephyr/arch/arch/arm/core/cortex_m/libarch__arm__core__cortex_m.a(irq_init.c.obj)
                              (--whole-archive)
zephyr/arch/arch/arm/core/cortex_m/libarch__arm__core__cortex_m.a(isr_wrapper.c.obj)
                              (--whole-archive)
zephyr/arch/arch/arm/core/cortex_m/libarch__arm__core__cortex_m.a(__aeabi_read_tp.S.obj)
                              (--whole-archive)
zephyr/arch/arch/arm/core/mpu/libarch__arm__core__mpu.a(arm_core_mpu.c.obj)
                              (--whole-archive)
zephyr/arch/arch/arm/core/mpu/libarch__arm__core__mpu.a(arm_mpu.c.obj)
                              (--whole-archive)
zephyr/arch/arch/arm/core/mpu/libarch__arm__core__mpu.a(arm_mpu_regions.c.obj)
                              (--whole-archive)
zephyr/lib/libc/picolibc/liblib__libc__picolibc.a(libc-hooks.c.obj)
                              (--whole-archive)
[...]
Memory Configuration

Name             Origin             Length             Attributes
FLASH            0x0000000008000000 0x0000000000100000 xr
RAM              0x0000000020000000 0x0000000000018000 xw
IDT_LIST         0x00000000ffff7fff 0x0000000000008000 xw
*default*        0x0000000000000000 0xffffffffffffffff

Linker script and memory map

                0x0000000008009e6c                vfprintf = __l_vfprintf
                0x0000000000000000                vfscanf = __l_vfscanf
LOAD zephyr/CMakeFiles/zephyr_final.dir/misc/empty_file.c.obj
LOAD zephyr/CMakeFiles/zephyr_final.dir/isr_tables.c.obj
LOAD zephyr/CMakeFiles/offsets.dir/./arch/arm/core/offsets/offsets.c.obj
LOAD app/libapp.a
LOAD zephyr/libzephyr.a
LOAD zephyr/arch/common/libarch__common.a
LOAD zephyr/arch/arch/arm/core/libarch__arm__core.a
LOAD zephyr/arch/arch/arm/core/cortex_m/libarch__arm__core__cortex_m.a
LOAD zephyr/arch/arch/arm/core/mpu/libarch__arm__core__mpu.a
LOAD zephyr/lib/libc/picolibc/liblib__libc__picolibc.a
LOAD zephyr/lib/libc/common/liblib__libc__common.a
LOAD zephyr/lib/posix/options/liblib__posix__options.a
LOAD zephyr/subsys/testsuite/ztest/libsubsys__testsuite__ztest.a
LOAD zephyr/drivers/interrupt_controller/libdrivers__interrupt_controller.a
LOAD zephyr/drivers/adc/libdrivers__adc.a
LOAD zephyr/drivers/clock_control/libdrivers__clock_control.a
LOAD zephyr/drivers/console/libdrivers__console.a
LOAD zephyr/drivers/gpio/libdrivers__gpio.a
LOAD zephyr/drivers/i2c/libdrivers__i2c.a
LOAD zephyr/drivers/pinctrl/libdrivers__pinctrl.a
LOAD zephyr/drivers/pwm/libdrivers__pwm.a
LOAD zephyr/drivers/reset/libdrivers__reset.a
LOAD zephyr/drivers/sensor/st/stmemsc/libdrivers__sensor__st__stmemsc.a
LOAD zephyr/drivers/sensor/st/hts221/libdrivers__sensor__st__hts221.a
LOAD zephyr/drivers/sensor/st/lis3mdl/libdrivers__sensor__st__lis3mdl.a
LOAD zephyr/drivers/sensor/st/lps22hb/libdrivers__sensor__st__lps22hb.a
LOAD zephyr/drivers/sensor/st/lsm6dsl/libdrivers__sensor__st__lsm6dsl.a
LOAD zephyr/drivers/sensor/st/stm32_temp/libdrivers__sensor__st__stm32_temp.a
LOAD zephyr/drivers/sensor/st/stm32_vbat/libdrivers__sensor__st__stm32_vbat.a
LOAD zephyr/drivers/sensor/st/stm32_vref/libdrivers__sensor__st__stm32_vref.a
LOAD zephyr/drivers/sensor/st/vl53l0x/libdrivers__sensor__st__vl53l0x.a
LOAD zephyr/drivers/serial/libdrivers__serial.a
LOAD zephyr/drivers/timer/libdrivers__timer.a
LOAD modules/hal_st/lib..__modules__hal__st.a
LOAD modules/stm32/stm32cube/lib..__modules__hal__stm32__stm32cube.a
LOAD zephyr/kernel/libkernel.a
LOAD c:/program files/zephyr-sdk-0.16.5-1/arm-zephyr-eabi/bin/../lib/gcc/arm-zephyr-eabi/12.2.0/thumb/v7e-m/nofp\libgcc.a
LOAD zephyr/arch/common/libisr_tables.a
LOAD c:\progra~1\zephyr~1.5-1\arm-ze~1\bin\../lib/gcc/../../picolibc/arm-zephyr-eabi/lib/thumb/v7e-m/nofp\libc.a
LOAD c:/program files/zephyr-sdk-0.16.5-1/arm-zephyr-eabi/bin/../lib/gcc/arm-zephyr-eabi/12.2.0/thumb/v7e-m/nofp\libgcc.a
                0x0000000000000020                _region_min_align = 0x20

.rel.plt        0x0000000008000000        0x0
 *(SORT_BY_ALIGNMENT(.rel.plt))
                [!provide]                        PROVIDE (__rel_iplt_start = .)
 *(SORT_BY_ALIGNMENT(.rel.iplt))
 .rel.iplt      0x0000000008000000        0x0 zephyr/CMakeFiles/zephyr_final.dir/isr_tables.c.obj
                [!provide]                        PROVIDE (__rel_iplt_end = .)

.rela.plt       0x0000000000000000        0x0
 *(SORT_BY_ALIGNMENT(.rela.plt))
                [!provide]                        PROVIDE (__rela_iplt_start = .)
 *(SORT_BY_ALIGNMENT(.rela.iplt))
                [!provide]                        PROVIDE (__rela_iplt_end = .)

.rel.dyn
 *(SORT_BY_ALIGNMENT(.rel.*))

.rela.dyn
 *(SORT_BY_ALIGNMENT(.rela.*))

/DISCARD/
 *(SORT_BY_ALIGNMENT(.plt))

/DISCARD/
 *(SORT_BY_ALIGNMENT(.iplt))
                0x0000000008000000                __rom_region_start = 0x8000000

rom_start       0x0000000008000000      0x188
                0x0000000008000000                __rom_start_address = .
 FILL mask 0x00
                0x0000000008000000                . = (. + (0x0 - (. - __rom_start_address)))
                0x0000000008000000                . = ALIGN (0x4)
                0x0000000008000000                . = ALIGN (0x80)
                0x0000000008000000                . = ALIGN (0x200)
                0x0000000008000000                _vector_start = .
 *(SORT_BY_ALIGNMENT(.exc_vector_table))
 *(SORT_BY_ALIGNMENT(.exc_vector_table.*))
 .exc_vector_table._vector_table_section
                0x0000000008000000       0x40 zephyr/arch/arch/arm/core/cortex_m/libarch__arm__core__cortex_m.a(vector_table.S.obj)
                0x0000000008000000                _vector_table
 *(SORT_BY_ALIGNMENT(.vectors))
                0x0000000008000188                _vector_end = .
                0x0000000008000040                . = ALIGN (0x4)
 *(SORT_BY_ALIGNMENT(.gnu.linkonce.irq_vector_table*))
 .gnu.linkonce.irq_vector_table
                0x0000000008000040      0x148 zephyr/CMakeFiles/zephyr_final.dir/isr_tables.c.obj
                0x0000000008000040                _irq_vector_table
                0x0000000008000188                _vector_end = .

text            0x0000000008000188     0xd6d8
                0x0000000008000188                __text_region_start = .
 *(SORT_BY_ALIGNMENT(.text))
 .text          0x0000000008000188      0x378 c:/program files/zephyr-sdk-0.16.5-1/arm-zephyr-eabi/bin/../lib/gcc/arm-zephyr-eabi/12.2.0/thumb/v7e-m/nofp\libgcc.a(_arm_addsubdf3.o)
                0x0000000008000188                __aeabi_drsub
                0x0000000008000190                __aeabi_dsub
                0x0000000008000190                __subdf3
                0x0000000008000194                __aeabi_dadd
                0x0000000008000194                __adddf3
                0x000000000800040c                __floatunsidf
                0x000000000800040c                __aeabi_ui2d
                0x000000000800042c                __floatsidf
                0x000000000800042c                __aeabi_i2d
                0x0000000008000450                __aeabi_f2d
                0x0000000008000450                __extendsfdf2
                0x0000000008000494                __floatundidf
                0x0000000008000494                __aeabi_ul2d
                0x00000000080004a4                __floatdidf
                0x00000000080004a4                __aeabi_l2d
 .text          0x0000000008000500      0x424 c:/program files/zephyr-sdk-0.16.5-1/arm-zephyr-eabi/bin/../lib/gcc/arm-zephyr-eabi/12.2.0/thumb/v7e-m/nofp\libgcc.a(_arm_muldivdf3.o)
                0x0000000008000500                __aeabi_dmul
                0x0000000008000500                __muldf3
                0x0000000008000754                __divdf3
                0x0000000008000754                __aeabi_ddiv
 .text          0x0000000008000924      0x21c c:/program files/zephyr-sdk-0.16.5-1/arm-zephyr-eabi/bin/../lib/gcc/arm-zephyr-eabi/12.2.0/thumb/v7e-m/nofp\libgcc.a(_arm_addsubsf3.o)
                0x0000000008000924                __aeabi_frsub
                0x000000000800092c                __subsf3
                0x000000000800092c                __aeabi_fsub
                0x0000000008000930                __aeabi_fadd
                0x0000000008000930                __addsf3
                0x0000000008000a90                __aeabi_ui2f
                0x0000000008000a90                __floatunsisf
                0x0000000008000a98                __aeabi_i2f
                0x0000000008000a98                __floatsisf
                0x0000000008000ab4                __aeabi_ul2f
                0x0000000008000ab4                __floatundisf
                0x0000000008000ac4                __aeabi_l2f
                0x0000000008000ac4                __floatdisf
 .text          0x0000000008000b40      0x2a0 c:/program files/zephyr-sdk-0.16.5-1/arm-zephyr-eabi/bin/../lib/gcc/arm-zephyr-eabi/12.2.0/thumb/v7e-m/nofp\libgcc.a(_arm_muldivsf3.o)
                0x0000000008000b40                __mulsf3
                0x0000000008000b40                __aeabi_fmul
                0x0000000008000ca8                __aeabi_fdiv
                0x0000000008000ca8                __divsf3
 .text          0x0000000008000de0       0xec c:/program files/zephyr-sdk-0.16.5-1/arm-zephyr-eabi/bin/../lib/gcc/arm-zephyr-eabi/12.2.0/thumb/v7e-m/nofp\libgcc.a(_arm_cmpsf2.o)
                0x0000000008000de0                __gesf2
                0x0000000008000de0                __gtsf2
                0x0000000008000de8                __lesf2
                0x0000000008000de8                __ltsf2
                0x0000000008000df0                __nesf2
                0x0000000008000df0                __eqsf2
                0x0000000008000df0                __cmpsf2
                0x0000000008000e50                __aeabi_cfrcmple
                0x0000000008000e58                __aeabi_cfcmpeq
                0x0000000008000e58                __aeabi_cfcmple
                0x0000000008000e68                __aeabi_fcmpeq
                0x0000000008000e7c                __aeabi_fcmplt
                0x0000000008000e90                __aeabi_fcmple
                0x0000000008000ea4                __aeabi_fcmpge
                0x0000000008000eb8                __aeabi_fcmpgt
 .text          0x0000000008000ecc       0x4c c:/program files/zephyr-sdk-0.16.5-1/arm-zephyr-eabi/bin/../lib/gcc/arm-zephyr-eabi/12.2.0/thumb/v7e-m/nofp\libgcc.a(_arm_fixsfsi.o)
                0x0000000008000ecc                __aeabi_f2iz
                0x0000000008000ecc                __fixsfsi
 .text          0x0000000008000f18       0xa0 c:/program files/zephyr-sdk-0.16.5-1/arm-zephyr-eabi/bin/../lib/gcc/arm-zephyr-eabi/12.2.0/thumb/v7e-m/nofp\libgcc.a(_aeabi_ldivmod.o)
                0x0000000008000f18                __aeabi_ldivmod
 .text          0x0000000008000fb8       0x30 c:/program files/zephyr-sdk-0.16.5-1/arm-zephyr-eabi/bin/../lib/gcc/arm-zephyr-eabi/12.2.0/thumb/v7e-m/nofp\libgcc.a(_aeabi_uldivmod.o)
                0x0000000008000fb8                __aeabi_uldivmod
 .text          0x0000000008000fe8       0x40 c:/program files/zephyr-sdk-0.16.5-1/arm-zephyr-eabi/bin/../lib/gcc/arm-zephyr-eabi/12.2.0/thumb/v7e-m/nofp\libgcc.a(_fixunssfdi.o)
                0x0000000008000fe8                __fixunssfdi
                0x0000000008000fe8                __aeabi_f2ulz
 .text          0x0000000008001028        0x4 c:/program files/zephyr-sdk-0.16.5-1/arm-zephyr-eabi/bin/../lib/gcc/arm-zephyr-eabi/12.2.0/thumb/v7e-m/nofp\libgcc.a(_dvmd_tls.o)
                0x0000000008001028                __aeabi_idiv0
                0x0000000008001028                __aeabi_ldiv0
 .text          0x000000000800102c       0x40 c:/program files/zephyr-sdk-0.16.5-1/arm-zephyr-eabi/bin/../lib/gcc/arm-zephyr-eabi/12.2.0/thumb/v7e-m/nofp\libgcc.a(_arm_fixunsdfsi.o)
                0x000000000800102c                __aeabi_d2uiz
                0x000000000800102c                __fixunsdfsi
 .text          0x000000000800106c       0x26 c:/program files/zephyr-sdk-0.16.5-1/arm-zephyr-eabi/bin/../lib/gcc/arm-zephyr-eabi/12.2.0/thumb/v7e-m/nofp\libgcc.a(_popcountsi2.o)
                0x000000000800106c                __popcountsi2
 .text          0x0000000008001092       0x26 c:/program files/zephyr-sdk-0.16.5-1/arm-zephyr-eabi/bin/../lib/gcc/arm-zephyr-eabi/12.2.0/thumb/v7e-m/nofp\libgcc.a(_fixsfdi.o)
                0x0000000008001092                __fixsfdi
                0x0000000008001092                __aeabi_f2lz
 .text          0x00000000080010b8      0x2a0 c:/program files/zephyr-sdk-0.16.5-1/arm-zephyr-eabi/bin/../lib/gcc/arm-zephyr-eabi/12.2.0/thumb/v7e-m/nofp\libgcc.a(_udivmoddi4.o)
                0x00000000080010b8                __udivmoddi4
 .text          0x0000000008001358       0x14 c:\progra~1\zephyr~1.5-1\arm-ze~1\bin\../lib/gcc/../../picolibc/arm-zephyr-eabi/lib/thumb/v7e-m/nofp\libc.a(strcmp.S.o)
                0x0000000008001358                strcmp
 .text          0x000000000800136c       0x10 c:\progra~1\zephyr~1.5-1\arm-ze~1\bin\../lib/gcc/../../picolibc/arm-zephyr-eabi/lib/thumb/v7e-m/nofp\libc.a(strcpy.S.o)
                0x000000000800136c                strcpy
 *(SORT_BY_ALIGNMENT(.text.*))
 *fill*         0x000000000800137c        0x4 
 .text._pwm_tests_test_pwm_100khz_50_duty_wrapper
                0x0000000008001380       0xf0 app/libapp.a(main.c.obj)
 .text.lsm6dsl_accel_convert
                0x0000000008001470       0x58 zephyr/drivers/sensor/st/lsm6dsl/libdrivers__sensor__st__lsm6dsl.a(lsm6dsl.c.obj)
 .text.lsm6dsl_gyro_convert
                0x00000000080014c8       0x6c zephyr/drivers/sensor/st/lsm6dsl/libdrivers__sensor__st__lsm6dsl.a(lsm6dsl.c.obj)
 *fill*         0x0000000008001534        0x4 
 .text.lsm6dsl_attr_set
                0x0000000008001538      0x1a0 zephyr/drivers/sensor/st/lsm6dsl/libdrivers__sensor__st__lsm6dsl.a(lsm6dsl.c.obj)
 .text.tim15_timer_callback
                0x00000000080016d8       0x10 app/libapp.a(main.c.obj)
                0x00000000080016d8                tim15_timer_callback
 .text.z_zassert.constprop.0
                0x00000000080016e8       0x48 app/libapp.a(main.c.obj)
 .text._embsys330_fp_tests_test_counter_wrapper
                0x0000000008001730       0xa4 app/libapp.a(main.c.obj)
 .text._adc_tests_test_adc_read_1_66v_wrapper
                0x00000000080017d4       0xd0 app/libapp.a(main.c.obj)
 .text._sensors_vl5310x_test_vl53l0x_distance_wrapper
                0x00000000080018a4       0xb0 app/libapp.a(main.c.obj)
 .text._sensors_hts221_test_hts221_humidity_wrapper
                0x0000000008001954       0x8c app/libapp.a(main.c.obj)
 .text._sensors_hts221_test_hts221_temperature_wrapper
                0x00000000080019e0       0x8c app/libapp.a(main.c.obj)
 .text._embsys330_fp_tests_test_assert_wrapper
                0x0000000008001a6c       0xb0 app/libapp.a(main.c.obj)
 .text.hts221_setup
                0x0000000008001b1c       0x40 app/libapp.a(main.c.obj)
 .text._tim15_tests_test_tim15_start_stop_wrapper
                0x0000000008001b5c       0xc8 app/libapp.a(main.c.obj)
 .text.pwm_setup
                0x0000000008001c24       0x24 app/libapp.a(main.c.obj)
 .text.tim15_setup
                0x0000000008001c48       0x48 app/libapp.a(main.c.obj)
 .text.adc_setup
                0x0000000008001c90       0x74 app/libapp.a(main.c.obj)
 .text.vl5310x_setup
                0x0000000008001d04       0x40 app/libapp.a(main.c.obj)
 .text.counter_reset
                0x0000000008001d44        0xc app/libapp.a(counter.c.obj)
                0x0000000008001d44                counter_reset
 .text.counter_increment
                0x0000000008001d50       0x10 app/libapp.a(counter.c.obj)
                0x0000000008001d50                counter_increment
 .text.counter_value
                0x0000000008001d60        0xc app/libapp.a(counter.c.obj)
                0x0000000008001d60                counter_value
 .text.sys_heap_init
                0x0000000008001d6c      0x11c zephyr/libzephyr.a(heap.c.obj)
                0x0000000008001d6c                sys_heap_init
 .text.char_out
                0x0000000008001e88        0xc zephyr/libzephyr.a(printk.c.obj)
 .text.vprintk  0x0000000008001e94       0x30 zephyr/libzephyr.a(printk.c.obj)
                0x0000000008001e94                vprintk
 .text.__printk_hook_install
                0x0000000008001ec4        0xc zephyr/libzephyr.a(printk.c.obj)
                0x0000000008001ec4                __printk_hook_install
 .text.z_thread_entry
                0x0000000008001ed0       0x34 zephyr/libzephyr.a(thread_entry.c.obj)
                0x0000000008001ed0                z_thread_entry
 .text.st_stm32_common_config
                0x0000000008001f04       0x14 zephyr/libzephyr.a(soc_config.c.obj)
 .text.stm32l4_init
                0x0000000008001f18       0x30 zephyr/libzephyr.a(soc.c.obj)
 .text.mem_attr_get_regions
                0x0000000008001f48        0xc zephyr/libzephyr.a(mem_attr.c.obj)
                0x0000000008001f48                mem_attr_get_regions
 .text.z_arm_fatal_error
                0x0000000008001f54       0x70 zephyr/arch/arch/arm/core/libarch__arm__core.a(fatal.c.obj)
                0x0000000008001f54                z_arm_fatal_error
 .text.z_SysNmiOnReset
                0x0000000008001fc4        0x8 zephyr/arch/arch/arm/core/libarch__arm__core.a(nmi_on_reset.S.obj)
                0x0000000008001fc4                z_SysNmiOnReset
 .text.arch_tls_stack_setup
                0x0000000008001fcc       0x40 zephyr/arch/arch/arm/core/libarch__arm__core.a(tls.c.obj)
                0x0000000008001fcc                arch_tls_stack_setup
 .text._HandlerModeExit
                0x000000000800200c       0x28 zephyr/arch/arch/arm/core/cortex_m/libarch__arm__core__cortex_m.a(exc_exit.c.obj)
                0x000000000800200c                z_arm_int_exit
                0x000000000800200c                z_arm_exc_exit
 .text.mem_manage_fault
                0x0000000008002034      0x134 zephyr/arch/arch/arm/core/cortex_m/libarch__arm__core__cortex_m.a(fault.c.obj)
 .text.usage_fault.constprop.0
                0x0000000008002168       0xa4 zephyr/arch/arch/arm/core/cortex_m/libarch__arm__core__cortex_m.a(fault.c.obj)
 .text.bus_fault.constprop.0
                0x000000000800220c       0xc8 zephyr/arch/arch/arm/core/cortex_m/libarch__arm__core__cortex_m.a(fault.c.obj)
 .text.z_arm_fault
                0x00000000080022d4      0x21c zephyr/arch/arch/arm/core/cortex_m/libarch__arm__core__cortex_m.a(fault.c.obj)
                0x00000000080022d4                z_arm_fault
 .text.z_arm_fault_init
                0x00000000080024f0       0x10 zephyr/arch/arch/arm/core/cortex_m/libarch__arm__core__cortex_m.a(fault.c.obj)
                0x00000000080024f0                z_arm_fault_init
 .text.__fault  0x0000000008002500       0x14 zephyr/arch/arch/arm/core/cortex_m/libarch__arm__core__cortex_m.a(fault_s.S.obj)
                0x0000000008002500                z_arm_usage_fault
                0x0000000008002500                z_arm_mpu_fault
                0x0000000008002500                z_arm_exc_spurious
                0x0000000008002500                z_arm_debug_monitor
                0x0000000008002500                z_arm_hard_fault
                0x0000000008002500                z_arm_bus_fault
 .text._reset_section
                0x0000000008002514       0x2c zephyr/arch/arch/arm/core/cortex_m/libarch__arm__core__cortex_m.a(reset.S.obj)
                0x0000000008002514                __start
                0x0000000008002514                z_arm_reset
 .text.z_impl_k_thread_abort
                0x0000000008002540       0x2c zephyr/arch/arch/arm/core/cortex_m/libarch__arm__core__cortex_m.a(thread_abort.c.obj)
                0x0000000008002540                z_impl_k_thread_abort
 .text.arch_swap
                0x000000000800256c       0x34 zephyr/arch/arch/arm/core/cortex_m/libarch__arm__core__cortex_m.a(swap.c.obj)
                0x000000000800256c                arch_swap
 .text.z_arm_pendsv_c
                0x00000000080025a0       0x50 zephyr/arch/arch/arm/core/cortex_m/libarch__arm__core__cortex_m.a(swap.c.obj)
                0x00000000080025a0                z_arm_pendsv_c
 .text.z_arm_pendsv
                0x00000000080025f0       0x34 zephyr/arch/arch/arm/core/cortex_m/libarch__arm__core__cortex_m.a(swap_helper.S.obj)
                0x00000000080025f0                z_arm_pendsv
 .text.z_arm_svc
                0x0000000008002624       0x20 zephyr/arch/arch/arm/core/cortex_m/libarch__arm__core__cortex_m.a(swap_helper.S.obj)
                0x0000000008002624                z_arm_svc
 .text.arch_irq_enable
                0x0000000008002644       0x1c zephyr/arch/arch/arm/core/cortex_m/libarch__arm__core__cortex_m.a(irq_manage.c.obj)
                0x0000000008002644                arch_irq_enable
 .text.z_arm_irq_priority_set
                0x0000000008002660       0x68 zephyr/arch/arch/arm/core/cortex_m/libarch__arm__core__cortex_m.a(irq_manage.c.obj)
                0x0000000008002660                z_arm_irq_priority_set
 .text.z_prep_c
                0x00000000080026c8       0x48 zephyr/arch/arch/arm/core/cortex_m/libarch__arm__core__cortex_m.a(prep_c.c.obj)
                0x00000000080026c8                z_prep_c
 .text.arch_new_thread
                0x0000000008002710       0x38 zephyr/arch/arch/arm/core/cortex_m/libarch__arm__core__cortex_m.a(thread.c.obj)
                0x0000000008002710                arch_new_thread
 .text.z_check_thread_stack_fail
                0x0000000008002748       0x30 zephyr/arch/arch/arm/core/cortex_m/libarch__arm__core__cortex_m.a(thread.c.obj)
                0x0000000008002748                z_check_thread_stack_fail
 .text.arch_switch_to_main_thread
                0x0000000008002778       0x48 zephyr/arch/arch/arm/core/cortex_m/libarch__arm__core__cortex_m.a(thread.c.obj)
                0x0000000008002778                arch_switch_to_main_thread
 .text.z_arm_cpu_idle_init
                0x00000000080027c0        0xc zephyr/arch/arch/arm/core/cortex_m/libarch__arm__core__cortex_m.a(cpu_idle.c.obj)
                0x00000000080027c0                z_arm_cpu_idle_init
 .text.z_arm_interrupt_init
                0x00000000080027cc       0x18 zephyr/arch/arch/arm/core/cortex_m/libarch__arm__core__cortex_m.a(irq_init.c.obj)
                0x00000000080027cc                z_arm_interrupt_init
 .text._isr_wrapper
                0x00000000080027e4       0x24 zephyr/arch/arch/arm/core/cortex_m/libarch__arm__core__cortex_m.a(isr_wrapper.c.obj)
                0x00000000080027e4                _isr_wrapper
 .text.z_arm_configure_static_mpu_regions
                0x0000000008002808       0x18 zephyr/arch/arch/arm/core/mpu/libarch__arm__core__mpu.a(arm_core_mpu.c.obj)
                0x0000000008002808                z_arm_configure_static_mpu_regions
 .text.z_arm_configure_dynamic_mpu_regions
                0x0000000008002820       0x24 zephyr/arch/arch/arm/core/mpu/libarch__arm__core__mpu.a(arm_core_mpu.c.obj)
                0x0000000008002820                z_arm_configure_dynamic_mpu_regions
 .text.region_allocate_and_init
                0x0000000008002844       0x4c zephyr/arch/arch/arm/core/mpu/libarch__arm__core__mpu.a(arm_mpu.c.obj)
 .text.mpu_configure_regions
                0x0000000008002890       0x64 zephyr/arch/arch/arm/core/mpu/libarch__arm__core__mpu.a(arm_mpu.c.obj)
 .text.arm_core_mpu_enable
                0x00000000080028f4       0x18 zephyr/arch/arch/arm/core/mpu/libarch__arm__core__mpu.a(arm_mpu.c.obj)
                0x00000000080028f4                arm_core_mpu_enable
 .text.arm_core_mpu_disable
                0x000000000800290c       0x14 zephyr/arch/arch/arm/core/mpu/libarch__arm__core__mpu.a(arm_mpu.c.obj)
                0x000000000800290c                arm_core_mpu_disable
 .text.arm_core_mpu_configure_static_mpu_regions
                0x0000000008002920       0x4c zephyr/arch/arch/arm/core/mpu/libarch__arm__core__mpu.a(arm_mpu.c.obj)
                0x0000000008002920                arm_core_mpu_configure_static_mpu_regions
 .text.arm_core_mpu_configure_dynamic_mpu_regions
                0x000000000800296c       0x6c zephyr/arch/arch/arm/core/mpu/libarch__arm__core__mpu.a(arm_mpu.c.obj)
                0x000000000800296c                arm_core_mpu_configure_dynamic_mpu_regions
 .text.z_arm_mpu_init
                0x00000000080029d8      0x228 zephyr/arch/arch/arm/core/mpu/libarch__arm__core__mpu.a(arm_mpu.c.obj)
                0x00000000080029d8                z_arm_mpu_init
 .text.z_impl_zephyr_fputc
                0x0000000008002c00       0x10 zephyr/lib/libc/picolibc/liblib__libc__picolibc.a(libc-hooks.c.obj)
                0x0000000008002c00                z_impl_zephyr_fputc
 .text.__stdout_hook_install
                0x0000000008002c10       0x18 zephyr/lib/libc/picolibc/liblib__libc__picolibc.a(libc-hooks.c.obj)
                0x0000000008002c10                __stdout_hook_install
 .text.malloc_prepare
                0x0000000008002c28       0x24 zephyr/lib/libc/common/liblib__libc__common.a(malloc.c.obj)
 .text.ztest_find_test_suite
                0x0000000008002c4c       0x2c zephyr/subsys/testsuite/ztest/libsubsys__testsuite__ztest.a(ztest.c.obj)
 .text.test_cb  0x0000000008002c78       0x5c zephyr/subsys/testsuite/ztest/libsubsys__testsuite__ztest.a(ztest.c.obj)
 .text.test_finalize
                0x0000000008002cd4       0x24 zephyr/subsys/testsuite/ztest/libsubsys__testsuite__ztest.a(ztest.c.obj)
 .text.ztest_test_fail
                0x0000000008002cf8       0x54 zephyr/subsys/testsuite/ztest/libsubsys__testsuite__ztest.a(ztest.c.obj)
                0x0000000008002cf8                ztest_test_fail
 .text.z_ztest_get_next_test
                0x0000000008002d4c       0x34 zephyr/subsys/testsuite/ztest/libsubsys__testsuite__ztest.a(ztest.c.obj)
                0x0000000008002d4c                z_ztest_get_next_test
 .text.z_ztest_run_test_suite_ptr.constprop.0
                0x0000000008002d80      0x2cc zephyr/subsys/testsuite/ztest/libsubsys__testsuite__ztest.a(ztest.c.obj)
 .text.z_impl_ztest_run_test_suites
                0x000000000800304c       0xc0 zephyr/subsys/testsuite/ztest/libsubsys__testsuite__ztest.a(ztest.c.obj)
                0x000000000800304c                z_impl_ztest_run_test_suites
 .text.ztest_verify_all_test_suites_ran
                0x000000000800310c       0xb0 zephyr/subsys/testsuite/ztest/libsubsys__testsuite__ztest.a(ztest.c.obj)
                0x000000000800310c                ztest_verify_all_test_suites_ran
 .text.ztest_run_all
                0x00000000080031bc       0x10 zephyr/subsys/testsuite/ztest/libsubsys__testsuite__ztest.a(ztest.c.obj)
                0x00000000080031bc                ztest_run_all
 .text.main     0x00000000080031cc      0x1c8 zephyr/subsys/testsuite/ztest/libsubsys__testsuite__ztest.a(ztest.c.obj)
                0x00000000080031cc                main
 .text.stm32_exti_isr
                0x0000000008003394       0x4c zephyr/drivers/interrupt_controller/libdrivers__interrupt_controller.a(intc_exti_stm32.c.obj)
 .text.stm32_fill_irq_table
                0x00000000080033e0       0x18 zephyr/drivers/interrupt_controller/libdrivers__interrupt_controller.a(intc_exti_stm32.c.obj)
 .text.stm32_exti_enable
                0x00000000080033f8       0x24 zephyr/drivers/interrupt_controller/libdrivers__interrupt_controller.a(intc_exti_stm32.c.obj)
                0x00000000080033f8                stm32_exti_enable
 .text.stm32_exti_disable
                0x000000000800341c       0x18 zephyr/drivers/interrupt_controller/libdrivers__interrupt_controller.a(intc_exti_stm32.c.obj)
                0x000000000800341c                stm32_exti_disable
 .text.stm32_exti_trigger
                0x0000000008003434       0x60 zephyr/drivers/interrupt_controller/libdrivers__interrupt_controller.a(intc_exti_stm32.c.obj)
                0x0000000008003434                stm32_exti_trigger
 .text.stm32_exti_set_callback
                0x0000000008003494       0x30 zephyr/drivers/interrupt_controller/libdrivers__interrupt_controller.a(intc_exti_stm32.c.obj)
                0x0000000008003494                stm32_exti_set_callback
 .text.stm32_exti_unset_callback
                0x00000000080034c4       0x14 zephyr/drivers/interrupt_controller/libdrivers__interrupt_controller.a(intc_exti_stm32.c.obj)
                0x00000000080034c4                stm32_exti_unset_callback
 .text.adc_stm32_channel_setup
                0x00000000080034d8       0xe4 zephyr/drivers/adc/libdrivers__adc.a(adc_stm32.c.obj)
 .text.adc_stm32_isr_18
                0x00000000080035bc       0xe8 zephyr/drivers/adc/libdrivers__adc.a(adc_stm32.c.obj)
 .text.adc_stm32_calibrate.isra.0
                0x00000000080036a4       0x6c zephyr/drivers/adc/libdrivers__adc.a(adc_stm32.c.obj)
 .text.adc_stm32_init
                0x0000000008003710       0xe0 zephyr/drivers/adc/libdrivers__adc.a(adc_stm32.c.obj)
 .text.start_read
                0x00000000080037f0      0x2c0 zephyr/drivers/adc/libdrivers__adc.a(adc_stm32.c.obj)
 .text.LL_RCC_HSI_IsReady
                0x0000000008003ab0       0x10 zephyr/drivers/clock_control/libdrivers__clock_control.a(clock_stm32_ll_common.c.obj)
 .text.stm32_clock_control_get_subsys_rate
                0x0000000008003ac0       0xa4 zephyr/drivers/clock_control/libdrivers__clock_control.a(clock_stm32_ll_common.c.obj)
 .text.stm32_clock_control_init
                0x0000000008003b64      0x188 zephyr/drivers/clock_control/libdrivers__clock_control.a(clock_stm32_ll_common.c.obj)
                0x0000000008003b64                stm32_clock_control_init
 .text.get_pllsrc_frequency
                0x0000000008003cec        0x8 zephyr/drivers/clock_control/libdrivers__clock_control.a(clock_stm32l4_l5_wb_wl.c.obj)
                0x0000000008003cec                get_pllsrc_frequency
 .text.config_pll_sysclock
                0x0000000008003cf4       0x24 zephyr/drivers/clock_control/libdrivers__clock_control.a(clock_stm32l4_l5_wb_wl.c.obj)
                0x0000000008003cf4                config_pll_sysclock
 .text.config_enable_default_clocks
                0x0000000008003d18       0x20 zephyr/drivers/clock_control/libdrivers__clock_control.a(clock_stm32l4_l5_wb_wl.c.obj)
                0x0000000008003d18                config_enable_default_clocks
 .text.uart_console_init
                0x0000000008003d38       0x28 zephyr/drivers/console/libdrivers__console.a(uart_console.c.obj)
 .text.console_out
                0x0000000008003d60       0x28 zephyr/drivers/console/libdrivers__console.a(uart_console.c.obj)
 .text.gpio_stm32_manage_callback
                0x0000000008003d88       0xa0 zephyr/drivers/gpio/libdrivers__gpio.a(gpio_stm32.c.obj)
 .text.gpio_stm32_init
                0x0000000008003e28       0x3c zephyr/drivers/gpio/libdrivers__gpio.a(gpio_stm32.c.obj)
 .text.gpio_stm32_isr
                0x0000000008003e64       0x58 zephyr/drivers/gpio/libdrivers__gpio.a(gpio_stm32.c.obj)
 .text.gpio_stm32_pin_interrupt_configure
                0x0000000008003ebc      0x108 zephyr/drivers/gpio/libdrivers__gpio.a(gpio_stm32.c.obj)
 .text.msg_init
                0x0000000008003fc4       0x9c zephyr/drivers/i2c/libdrivers__i2c.a(i2c_ll_stm32_v2.c.obj)
 .text.stm32_i2c_configure_timing
                0x0000000008004060      0x158 zephyr/drivers/i2c/libdrivers__i2c.a(i2c_ll_stm32_v2.c.obj)
                0x0000000008004060                stm32_i2c_configure_timing
 .text.i2c_stm32_get_config
                0x00000000080041b8       0x24 zephyr/drivers/i2c/libdrivers__i2c.a(i2c_ll_stm32.c.obj)
                0x00000000080041b8                i2c_stm32_get_config
 .text.i2c_stm32_set_smbus_mode
                0x00000000080041dc       0x28 zephyr/drivers/i2c/libdrivers__i2c.a(i2c_ll_stm32.c.obj)
                0x00000000080041dc                i2c_stm32_set_smbus_mode
 .text.i2c_stm32_runtime_configure
                0x0000000008004204       0x84 zephyr/drivers/i2c/libdrivers__i2c.a(i2c_ll_stm32.c.obj)
                0x0000000008004204                i2c_stm32_runtime_configure
 .text.i2c_stm32_init
                0x0000000008004288      0x128 zephyr/drivers/i2c/libdrivers__i2c.a(i2c_ll_stm32.c.obj)
 .text.pinctrl_configure_pins
                0x00000000080043b0       0xb0 zephyr/drivers/pinctrl/libdrivers__pinctrl.a(pinctrl_stm32.c.obj)
                0x00000000080043b0                pinctrl_configure_pins
 .text.LL_TIM_OC_GetPolarity
                0x0000000008004460       0x64 zephyr/drivers/pwm/libdrivers__pwm.a(pwm_stm32.c.obj)
 .text.pwm_stm32_set_cycles
                0x00000000080044c4      0x25c zephyr/drivers/pwm/libdrivers__pwm.a(pwm_stm32.c.obj)
 .text.pwm_stm32_init
                0x0000000008004720      0x128 zephyr/drivers/pwm/libdrivers__pwm.a(pwm_stm32.c.obj)
 .text.hts221_channel_get
                0x0000000008004848       0x90 zephyr/drivers/sensor/st/hts221/libdrivers__sensor__st__hts221.a(hts221.c.obj)
 .text.hts221_sample_fetch
                0x00000000080048d8       0x5c zephyr/drivers/sensor/st/hts221/libdrivers__sensor__st__hts221.a(hts221.c.obj)
 .text.hts221_init
                0x0000000008004934      0x100 zephyr/drivers/sensor/st/hts221/libdrivers__sensor__st__hts221.a(hts221.c.obj)
                0x0000000008004934                hts221_init
 .text.lis3mdl_init
                0x0000000008004a34       0xb4 zephyr/drivers/sensor/st/lis3mdl/libdrivers__sensor__st__lis3mdl.a(lis3mdl.c.obj)
                0x0000000008004a34                lis3mdl_init
 .text.lis3mdl_sample_fetch
                0x0000000008004ae8       0xb8 zephyr/drivers/sensor/st/lis3mdl/libdrivers__sensor__st__lis3mdl.a(lis3mdl.c.obj)
                0x0000000008004ae8                lis3mdl_sample_fetch
 .text.lis3mdl_channel_get
                0x0000000008004ba0      0x138 zephyr/drivers/sensor/st/lis3mdl/libdrivers__sensor__st__lis3mdl.a(lis3mdl.c.obj)
 .text.lps22hb_channel_get
                0x0000000008004cd8       0x54 zephyr/drivers/sensor/st/lps22hb/libdrivers__sensor__st__lps22hb.a(lps22hb.c.obj)
 .text.lps22hb_sample_fetch
                0x0000000008004d2c       0x88 zephyr/drivers/sensor/st/lps22hb/libdrivers__sensor__st__lps22hb.a(lps22hb.c.obj)
 .text.lps22hb_init
                0x0000000008004db4       0x90 zephyr/drivers/sensor/st/lps22hb/libdrivers__sensor__st__lps22hb.a(lps22hb.c.obj)
 .text.lsm6dsl_gyro_set_odr_raw
                0x0000000008004e44       0x38 zephyr/drivers/sensor/st/lsm6dsl/libdrivers__sensor__st__lsm6dsl.a(lsm6dsl.c.obj)
 .text.lsm6dsl_accel_set_odr_raw
                0x0000000008004e7c       0x38 zephyr/drivers/sensor/st/lsm6dsl/libdrivers__sensor__st__lsm6dsl.a(lsm6dsl.c.obj)
 .text.lsm6dsl_init
                0x0000000008004eb4      0x108 zephyr/drivers/sensor/st/lsm6dsl/libdrivers__sensor__st__lsm6dsl.a(lsm6dsl.c.obj)
 .text.lsm6dsl_i2c_init
                0x0000000008004fbc       0x20 zephyr/drivers/sensor/st/lsm6dsl/libdrivers__sensor__st__lsm6dsl.a(lsm6dsl_i2c.c.obj)
                0x0000000008004fbc                lsm6dsl_i2c_init
 .text.setup_irq.isra.0
                0x0000000008004fdc       0x7c zephyr/drivers/sensor/st/lsm6dsl/libdrivers__sensor__st__lsm6dsl.a(lsm6dsl_trigger.c.obj)
 .text.lsm6dsl_trigger_set
                0x0000000008005058       0xe0 zephyr/drivers/sensor/st/lsm6dsl/libdrivers__sensor__st__lsm6dsl.a(lsm6dsl_trigger.c.obj)
                0x0000000008005058                lsm6dsl_trigger_set
 .text.lsm6dsl_init_interrupt
                0x0000000008005138      0x168 zephyr/drivers/sensor/st/lsm6dsl/libdrivers__sensor__st__lsm6dsl.a(lsm6dsl_trigger.c.obj)
                0x0000000008005138                lsm6dsl_init_interrupt
 .text.stm32_temp_channel_get
                0x00000000080052a0       0xe4 zephyr/drivers/sensor/st/stm32_temp/libdrivers__sensor__st__stm32_temp.a(stm32_temp.c.obj)
 .text.stm32_temp_sample_fetch
                0x0000000008005384       0x84 zephyr/drivers/sensor/st/stm32_temp/libdrivers__sensor__st__stm32_temp.a(stm32_temp.c.obj)
 .text.stm32_temp_init
                0x0000000008005408       0x58 zephyr/drivers/sensor/st/stm32_temp/libdrivers__sensor__st__stm32_temp.a(stm32_temp.c.obj)
 .text.stm32_vbat_sample_fetch
                0x0000000008005460       0x7c zephyr/drivers/sensor/st/stm32_vbat/libdrivers__sensor__st__stm32_vbat.a(stm32_vbat.c.obj)
 .text.stm32_vbat_init
                0x00000000080054dc       0x68 zephyr/drivers/sensor/st/stm32_vbat/libdrivers__sensor__st__stm32_vbat.a(stm32_vbat.c.obj)
 .text.stm32_vref_channel_get
                0x0000000008005544       0x50 zephyr/drivers/sensor/st/stm32_vref/libdrivers__sensor__st__stm32_vref.a(stm32_vref.c.obj)
 .text.stm32_vref_sample_fetch
                0x0000000008005594       0x84 zephyr/drivers/sensor/st/stm32_vref/libdrivers__sensor__st__stm32_vref.a(stm32_vref.c.obj)
 .text.stm32_vref_init
                0x0000000008005618       0x58 zephyr/drivers/sensor/st/stm32_vref/libdrivers__sensor__st__stm32_vref.a(stm32_vref.c.obj)
 .text.vl53l0x_start
                0x0000000008005670      0x298 zephyr/drivers/sensor/st/vl53l0x/libdrivers__sensor__st__vl53l0x.a(vl53l0x.c.obj)
 .text.vl53l0x_sample_fetch
                0x0000000008005908       0x68 zephyr/drivers/sensor/st/vl53l0x/libdrivers__sensor__st__vl53l0x.a(vl53l0x.c.obj)
 .text.vl53l0x_init
                0x0000000008005970       0x34 zephyr/drivers/sensor/st/vl53l0x/libdrivers__sensor__st__vl53l0x.a(vl53l0x.c.obj)
 .text.VL53L0X_WriteMulti
                0x00000000080059a4       0x50 zephyr/drivers/sensor/st/vl53l0x/libdrivers__sensor__st__vl53l0x.a(vl53l0x_platform.c.obj)
                0x00000000080059a4                VL53L0X_WriteMulti
 .text.VL53L0X_ReadMulti
                0x00000000080059f4       0x34 zephyr/drivers/sensor/st/vl53l0x/libdrivers__sensor__st__vl53l0x.a(vl53l0x_platform.c.obj)
                0x00000000080059f4                VL53L0X_ReadMulti
 .text.VL53L0X_WrByte
                0x0000000008005a28       0x3c zephyr/drivers/sensor/st/vl53l0x/libdrivers__sensor__st__vl53l0x.a(vl53l0x_platform.c.obj)
                0x0000000008005a28                VL53L0X_WrByte
 .text.VL53L0X_WrWord
                0x0000000008005a64       0x44 zephyr/drivers/sensor/st/vl53l0x/libdrivers__sensor__st__vl53l0x.a(vl53l0x_platform.c.obj)
                0x0000000008005a64                VL53L0X_WrWord
 .text.VL53L0X_RdByte
                0x0000000008005aa8       0x58 zephyr/drivers/sensor/st/vl53l0x/libdrivers__sensor__st__vl53l0x.a(vl53l0x_platform.c.obj)
                0x0000000008005aa8                VL53L0X_RdByte
 .text.VL53L0X_UpdateByte
                0x0000000008005b00       0x48 zephyr/drivers/sensor/st/vl53l0x/libdrivers__sensor__st__vl53l0x.a(vl53l0x_platform.c.obj)
                0x0000000008005b00                VL53L0X_UpdateByte
 .text.VL53L0X_RdWord
                0x0000000008005b48       0x3c zephyr/drivers/sensor/st/vl53l0x/libdrivers__sensor__st__vl53l0x.a(vl53l0x_platform.c.obj)
                0x0000000008005b48                VL53L0X_RdWord
 .text.VL53L0X_RdDWord
                0x0000000008005b84       0x3c zephyr/drivers/sensor/st/vl53l0x/libdrivers__sensor__st__vl53l0x.a(vl53l0x_platform.c.obj)
                0x0000000008005b84                VL53L0X_RdDWord
 .text.uart_stm32_irq_err_enable
                0x0000000008005bc0       0x64 zephyr/drivers/serial/libdrivers__serial.a(uart_stm32.c.obj)
 .text.uart_stm32_irq_err_disable
                0x0000000008005c24       0x64 zephyr/drivers/serial/libdrivers__serial.a(uart_stm32.c.obj)
 .text.uart_stm32_set_baudrate
                0x0000000008005c88       0x78 zephyr/drivers/serial/libdrivers__serial.a(uart_stm32.c.obj)
 .text.uart_stm32_parameters_set
                0x0000000008005d00      0x138 zephyr/drivers/serial/libdrivers__serial.a(uart_stm32.c.obj)
 .text.uart_stm32_init
                0x0000000008005e38      0x194 zephyr/drivers/serial/libdrivers__serial.a(uart_stm32.c.obj)
 .text.uart_stm32_configure
                0x0000000008005fcc      0x150 zephyr/drivers/serial/libdrivers__serial.a(uart_stm32.c.obj)
 .text.elapsed  0x000000000800611c       0x4c zephyr/drivers/timer/libdrivers__timer.a(cortex_m_systick.c.obj)
 .text.sys_clock_driver_init
                0x0000000008006168       0x38 zephyr/drivers/timer/libdrivers__timer.a(cortex_m_systick.c.obj)
 .text.sys_clock_isr
                0x00000000080061a0       0x54 zephyr/drivers/timer/libdrivers__timer.a(cortex_m_systick.c.obj)
                0x00000000080061a0                sys_clock_isr
 .text.sys_clock_set_timeout
                0x00000000080061f4      0x160 zephyr/drivers/timer/libdrivers__timer.a(cortex_m_systick.c.obj)
                0x00000000080061f4                sys_clock_set_timeout
 .text.sys_clock_elapsed
                0x0000000008006354       0xa8 zephyr/drivers/timer/libdrivers__timer.a(cortex_m_systick.c.obj)
                0x0000000008006354                sys_clock_elapsed
 .text.sys_clock_cycle_get_32
                0x00000000080063fc       0x94 zephyr/drivers/timer/libdrivers__timer.a(cortex_m_systick.c.obj)
                0x00000000080063fc                sys_clock_cycle_get_32
 .text.VL53L0X_SetDeviceMode
                0x0000000008006490       0x1c modules/hal_st/lib..__modules__hal__st.a(vl53l0x_api.c.obj)
                0x0000000008006490                VL53L0X_SetDeviceMode
 .text.VL53L0X_DataInit
                0x00000000080064ac      0x170 modules/hal_st/lib..__modules__hal__st.a(vl53l0x_api.c.obj)
                0x00000000080064ac                VL53L0X_DataInit
 .text.VL53L0X_GetInterruptThresholds
                0x000000000800661c       0x40 modules/hal_st/lib..__modules__hal__st.a(vl53l0x_api.c.obj)
                0x000000000800661c                VL53L0X_GetInterruptThresholds
 .text.VL53L0X_CheckAndLoadInterruptSettings
                0x000000000800665c       0x84 modules/hal_st/lib..__modules__hal__st.a(vl53l0x_api.c.obj)
                0x000000000800665c                VL53L0X_CheckAndLoadInterruptSettings
 .text.VL53L0X_StaticInit
                0x00000000080066e0      0x1a8 modules/hal_st/lib..__modules__hal__st.a(vl53l0x_api.c.obj)
                0x00000000080066e0                VL53L0X_StaticInit
 .text.is_aperture
                0x0000000008006888       0x14 modules/hal_st/lib..__modules__hal__st.a(vl53l0x_api_calibration.c.obj)
                0x0000000008006888                is_aperture
 .text.VL53L0X_calc_timeout_mclks
                0x000000000800689c       0x28 modules/hal_st/lib..__modules__hal__st.a(vl53l0x_api_core.c.obj)
                0x000000000800689c                VL53L0X_calc_timeout_mclks
 .text.VL53L0X_calc_timeout_us
                0x00000000080068c4       0x20 modules/hal_st/lib..__modules__hal__st.a(vl53l0x_api_core.c.obj)
                0x00000000080068c4                VL53L0X_calc_timeout_us
 .text.VL53L0X_calc_dmax
                0x00000000080068e4       0xdc modules/hal_st/lib..__modules__hal__st.a(vl53l0x_api_core.c.obj)
                0x00000000080068e4                VL53L0X_calc_dmax
 .text.VL53L0X_calc_sigma_estimate
                0x00000000080069c0      0x218 modules/hal_st/lib..__modules__hal__st.a(vl53l0x_api_core.c.obj)
                0x00000000080069c0                VL53L0X_calc_sigma_estimate
 .text.VL53L0X_check_part_used
                0x0000000008006bd8       0x38 modules/hal_st/lib..__modules__hal__st.a(vl53l0x_api_strings.c.obj)
                0x0000000008006bd8                VL53L0X_check_part_used
 .text.VL53L0X_get_device_info
                0x0000000008006c10       0x84 modules/hal_st/lib..__modules__hal__st.a(vl53l0x_api_strings.c.obj)
                0x0000000008006c10                VL53L0X_get_device_info
 .text.HAL_RCC_GetSysClockFreq
                0x0000000008006c94       0x9c modules/stm32/stm32cube/lib..__modules__hal__stm32__stm32cube.a(stm32l4xx_hal_rcc.c.obj)
                0x0000000008006c94                HAL_RCC_GetSysClockFreq
 .text.LL_TIM_Init
                0x0000000008006d30       0xac modules/stm32/stm32cube/lib..__modules__hal__stm32__stm32cube.a(stm32l4xx_ll_tim.c.obj)
                0x0000000008006d30                LL_TIM_Init
 .text.LL_TIM_OC_Init
                0x0000000008006ddc      0x304 modules/stm32/stm32cube/lib..__modules__hal__stm32__stm32cube.a(stm32l4xx_ll_tim.c.obj)
                0x0000000008006ddc                LL_TIM_OC_Init
 .text.LL_SetFlashLatency
                0x00000000080070e0       0xa8 modules/stm32/stm32cube/lib..__modules__hal__stm32__stm32cube.a(stm32l4xx_ll_utils.c.obj)
                0x00000000080070e0                LL_SetFlashLatency
 .text.z_device_state_init
                0x0000000008007188       0x44 zephyr/kernel/libkernel.a(device.c.obj)
                0x0000000008007188                z_device_state_init
 .text.k_sys_fatal_error_handler
                0x00000000080071cc       0x18 zephyr/kernel/libkernel.a(fatal.c.obj)
                0x00000000080071cc                k_sys_fatal_error_handler
 .text.z_fatal_error
                0x00000000080071e4       0xb4 zephyr/kernel/libkernel.a(fatal.c.obj)
                0x00000000080071e4                z_fatal_error
 .text.z_sys_init_run_level
                0x0000000008007298       0x2c zephyr/kernel/libkernel.a(init.c.obj)
 .text.bg_thread_main
                0x00000000080072c4      0x108 zephyr/kernel/libkernel.a(init.c.obj)
 .text.z_bss_zero
                0x00000000080073cc       0x18 zephyr/kernel/libkernel.a(init.c.obj)
                0x00000000080073cc                z_bss_zero
 .text.z_init_cpu
                0x00000000080073e4       0x78 zephyr/kernel/libkernel.a(init.c.obj)
                0x00000000080073e4                z_init_cpu
 .text.z_cstart
                0x000000000800745c       0xd8 zephyr/kernel/libkernel.a(init.c.obj)
                0x000000000800745c                z_cstart
 .text.init_mem_slab_obj_core_list
                0x0000000008007534       0x50 zephyr/kernel/libkernel.a(mem_slab.c.obj)
 .text.idle     0x0000000008007584       0x48 zephyr/kernel/libkernel.a(idle.c.obj)
                0x0000000008007584                idle
 .text.z_impl_k_mutex_lock
                0x00000000080075cc      0x1a0 zephyr/kernel/libkernel.a(mutex.c.obj)
                0x00000000080075cc                z_impl_k_mutex_lock
 .text.z_impl_k_mutex_unlock
                0x000000000800776c      0x120 zephyr/kernel/libkernel.a(mutex.c.obj)
                0x000000000800776c                z_impl_k_mutex_unlock
 .text.z_impl_k_sem_give
                0x000000000800788c       0x88 zephyr/kernel/libkernel.a(sem.c.obj)
                0x000000000800788c                z_impl_k_sem_give
 .text.z_impl_k_sem_take
                0x0000000008007914       0xf4 zephyr/kernel/libkernel.a(sem.c.obj)
                0x0000000008007914                z_impl_k_sem_take
 .text.work_queue_main
                0x0000000008007a08      0x1e4 zephyr/kernel/libkernel.a(work.c.obj)
 .text.submit_to_queue_locked
                0x0000000008007bec       0xd8 zephyr/kernel/libkernel.a(work.c.obj)
 .text.z_work_submit_to_queue
                0x0000000008007cc4       0xd4 zephyr/kernel/libkernel.a(work.c.obj)
                0x0000000008007cc4                z_work_submit_to_queue
 .text.k_work_submit
                0x0000000008007d98        0xc zephyr/kernel/libkernel.a(work.c.obj)
                0x0000000008007d98                k_work_submit
 .text.k_work_queue_start
                0x0000000008007da4       0xdc zephyr/kernel/libkernel.a(work.c.obj)
                0x0000000008007da4                k_work_queue_start
 .text.z_impl_k_thread_name_set
                0x0000000008007e80       0x20 zephyr/kernel/libkernel.a(thread.c.obj)
                0x0000000008007e80                z_impl_k_thread_name_set
 .text.z_setup_new_thread
                0x0000000008007ea0      0x104 zephyr/kernel/libkernel.a(thread.c.obj)
                0x0000000008007ea0                z_setup_new_thread
 .text.z_impl_k_thread_create
                0x0000000008007fa4       0x8c zephyr/kernel/libkernel.a(thread.c.obj)
                0x0000000008007fa4                z_impl_k_thread_create
 .text.update_cache
                0x0000000008008030       0x68 zephyr/kernel/libkernel.a(sched.c.obj)
 .text.unready_thread
                0x0000000008008098       0x58 zephyr/kernel/libkernel.a(sched.c.obj)
 .text.unpend_thread_no_timeout
                0x00000000080080f0       0x3c zephyr/kernel/libkernel.a(sched.c.obj)
 .text.ready_thread
                0x000000000800812c       0x94 zephyr/kernel/libkernel.a(sched.c.obj)
 .text.z_thread_halt
                0x00000000080081c0      0x180 zephyr/kernel/libkernel.a(sched.c.obj)
 .text.move_thread_to_end_of_prio_q
                0x0000000008008340       0xb0 zephyr/kernel/libkernel.a(sched.c.obj)
                0x0000000008008340                move_thread_to_end_of_prio_q
 .text.z_ready_thread
                0x00000000080083f0       0x8c zephyr/kernel/libkernel.a(sched.c.obj)
                0x00000000080083f0                z_ready_thread
 .text.z_impl_k_thread_suspend
                0x000000000800847c       0xa0 zephyr/kernel/libkernel.a(sched.c.obj)
                0x000000000800847c                z_impl_k_thread_suspend
 .text.z_unpend_thread_no_timeout
                0x000000000800851c       0x90 zephyr/kernel/libkernel.a(sched.c.obj)
                0x000000000800851c                z_unpend_thread_no_timeout
 .text.z_sched_wake_thread
                0x00000000080085ac       0xb0 zephyr/kernel/libkernel.a(sched.c.obj)
                0x00000000080085ac                z_sched_wake_thread
 .text.z_pend_curr
                0x000000000800865c      0x10c zephyr/kernel/libkernel.a(sched.c.obj)
                0x000000000800865c                z_pend_curr
 .text.z_unpend1_no_timeout
                0x0000000008008768       0x9c zephyr/kernel/libkernel.a(sched.c.obj)
                0x0000000008008768                z_unpend1_no_timeout
 .text.z_unpend_first_thread
                0x0000000008008804       0xa4 zephyr/kernel/libkernel.a(sched.c.obj)
                0x0000000008008804                z_unpend_first_thread
 .text.z_unpend_thread
                0x00000000080088a8       0x9c zephyr/kernel/libkernel.a(sched.c.obj)
                0x00000000080088a8                z_unpend_thread
 .text.z_thread_prio_set
                0x0000000008008944      0x124 zephyr/kernel/libkernel.a(sched.c.obj)
                0x0000000008008944                z_thread_prio_set
 .text.z_reschedule
                0x0000000008008a68       0x8c zephyr/kernel/libkernel.a(sched.c.obj)
                0x0000000008008a68                z_reschedule
 .text.z_sched_start
                0x0000000008008af4       0xa4 zephyr/kernel/libkernel.a(sched.c.obj)
                0x0000000008008af4                z_sched_start
 .text.z_reschedule_irqlock
                0x0000000008008b98       0x28 zephyr/kernel/libkernel.a(sched.c.obj)
                0x0000000008008b98                z_reschedule_irqlock
 .text.k_sched_lock
                0x0000000008008bc0       0xdc zephyr/kernel/libkernel.a(sched.c.obj)
                0x0000000008008bc0                k_sched_lock
 .text.k_sched_unlock
                0x0000000008008c9c       0xf8 zephyr/kernel/libkernel.a(sched.c.obj)
                0x0000000008008c9c                k_sched_unlock
 .text.z_sched_init
                0x0000000008008d94       0x10 zephyr/kernel/libkernel.a(sched.c.obj)
                0x0000000008008d94                z_sched_init
 .text.z_impl_k_yield
                0x0000000008008da4      0x144 zephyr/kernel/libkernel.a(sched.c.obj)
                0x0000000008008da4                z_impl_k_yield
 .text.z_tick_sleep
                0x0000000008008ee8      0x144 zephyr/kernel/libkernel.a(sched.c.obj)
 .text.z_impl_k_sleep
                0x000000000800902c       0x5c zephyr/kernel/libkernel.a(sched.c.obj)
                0x000000000800902c                z_impl_k_sleep
 .text.z_impl_k_sched_current_thread_query
                0x0000000008009088        0xc zephyr/kernel/libkernel.a(sched.c.obj)
                0x0000000008009088                z_impl_k_sched_current_thread_query
 .text.z_thread_abort
                0x0000000008009094       0xdc zephyr/kernel/libkernel.a(sched.c.obj)
                0x0000000008009094                z_thread_abort
 .text.z_impl_k_thread_join
                0x0000000008009170      0x148 zephyr/kernel/libkernel.a(sched.c.obj)
                0x0000000008009170                z_impl_k_thread_join
 .text.z_sched_wake
                0x00000000080092b8       0xbc zephyr/kernel/libkernel.a(sched.c.obj)
                0x00000000080092b8                z_sched_wake
 .text.z_sched_wait
                0x0000000008009374       0x24 zephyr/kernel/libkernel.a(sched.c.obj)
                0x0000000008009374                z_sched_wait
 .text.slice_timeout
                0x0000000008009398       0x5c zephyr/kernel/libkernel.a(timeslicing.c.obj)
 .text.thread_is_sliceable
                0x00000000080093f4       0x3c zephyr/kernel/libkernel.a(timeslicing.c.obj)
                0x00000000080093f4                thread_is_sliceable
 .text.z_reset_time_slice
                0x0000000008009430       0x50 zephyr/kernel/libkernel.a(timeslicing.c.obj)
                0x0000000008009430                z_reset_time_slice
 .text.z_time_slice
                0x0000000008009480       0xc8 zephyr/kernel/libkernel.a(timeslicing.c.obj)
                0x0000000008009480                z_time_slice
 .text.z_spin_lock_valid
                0x0000000008009548       0x1c zephyr/kernel/libkernel.a(spinlock_validate.c.obj)
                0x0000000008009548                z_spin_lock_valid
 .text.z_spin_unlock_valid
                0x0000000008009564       0x2c zephyr/kernel/libkernel.a(spinlock_validate.c.obj)
                0x0000000008009564                z_spin_unlock_valid
 .text.z_spin_lock_set_owner
                0x0000000008009590       0x10 zephyr/kernel/libkernel.a(spinlock_validate.c.obj)
                0x0000000008009590                z_spin_lock_set_owner
 .text.z_data_copy
                0x00000000080095a0       0x34 zephyr/kernel/libkernel.a(xip.c.obj)
                0x00000000080095a0                z_data_copy
 .text.elapsed  0x00000000080095d4       0x14 zephyr/kernel/libkernel.a(timeout.c.obj)
 .text.remove_timeout
                0x00000000080095e8       0x38 zephyr/kernel/libkernel.a(timeout.c.obj)
 .text.next_timeout
                0x0000000008009620       0x40 zephyr/kernel/libkernel.a(timeout.c.obj)
 .text.z_add_timeout
                0x0000000008009660      0x18c zephyr/kernel/libkernel.a(timeout.c.obj)
                0x0000000008009660                z_add_timeout
 .text.z_abort_timeout
                0x00000000080097ec       0x9c zephyr/kernel/libkernel.a(timeout.c.obj)
                0x00000000080097ec                z_abort_timeout
 .text.sys_clock_announce
                0x0000000008009888      0x15c zephyr/kernel/libkernel.a(timeout.c.obj)
                0x0000000008009888                sys_clock_announce
 .text.sys_clock_tick_get
                0x00000000080099e4       0x9c zephyr/kernel/libkernel.a(timeout.c.obj)
                0x00000000080099e4                sys_clock_tick_get
 .text.z_timer_expiration_handler
                0x0000000008009a80      0x170 zephyr/kernel/libkernel.a(timer.c.obj)
                0x0000000008009a80                z_timer_expiration_handler
 .text.z_impl_k_timer_start
                0x0000000008009bf0       0xe0 zephyr/kernel/libkernel.a(timer.c.obj)
                0x0000000008009bf0                z_impl_k_timer_start
 .text.z_handle_obj_poll_events
                0x0000000008009cd0       0xa4 zephyr/kernel/libkernel.a(poll.c.obj)
                0x0000000008009cd0                z_handle_obj_poll_events
 .text.z_impl_k_poll_signal_raise
                0x0000000008009d74       0xb8 zephyr/kernel/libkernel.a(poll.c.obj)
                0x0000000008009d74                z_impl_k_poll_signal_raise
 .text.boot_banner
                0x0000000008009e2c        0xc zephyr/kernel/libkernel.a(banner.c.obj)
                0x0000000008009e2c                boot_banner
 .text.k_sys_work_q_init
                0x0000000008009e38       0x34 zephyr/kernel/libkernel.a(system_work_q.c.obj)
 .text.__l_vfprintf
                0x0000000008009e6c      0x4b8 c:\progra~1\zephyr~1.5-1\arm-ze~1\bin\../lib/gcc/../../picolibc/arm-zephyr-eabi/lib/thumb/v7e-m/nofp\libc.a(libc_tinystdio_vflprintf.c.o)
                0x0000000008009e6c                __l_vfprintf
 .text._OffsetAbsSyms
                0x000000000800a324        0x2 zephyr/CMakeFiles/offsets.dir/./arch/arm/core/offsets/offsets.c.obj
                0x000000000800a324                _OffsetAbsSyms
 .text.sensor_sample_fetch
                0x000000000800a326        0x8 app/libapp.a(main.c.obj)
 .text.sensor_channel_get
                0x000000000800a32e        0x6 app/libapp.a(main.c.obj)
 .text.chunk_size
                0x000000000800a334        0xa zephyr/libzephyr.a(heap.c.obj)
 .text.free_list_add
                0x000000000800a33e       0x4e zephyr/libzephyr.a(heap.c.obj)
 .text.arch_printk_char_out
                0x000000000800a38c        0x4 zephyr/libzephyr.a(printk.c.obj)
                0x000000000800a38c                arch_printk_char_out
 .text.printk   0x000000000800a390       0x1a zephyr/libzephyr.a(printk.c.obj)
                0x000000000800a390                printk
 .text.assert_post_action
                0x000000000800a3aa       0x12 zephyr/libzephyr.a(assert.c.obj)
                0x000000000800a3aa                assert_post_action
 .text.assert_print
                0x000000000800a3bc       0x1a zephyr/libzephyr.a(assert.c.obj)
                0x000000000800a3bc                assert_print
 .text._ConfigAbsSyms
                0x000000000800a3d6        0x2 zephyr/libzephyr.a(configs.c.obj)
                0x000000000800a3d6                _ConfigAbsSyms
 .text.z_log_minimal_printk
                0x000000000800a3d8       0x1a zephyr/libzephyr.a(log_minimal.c.obj)
                0x000000000800a3d8                z_log_minimal_printk
 .text.z_do_kernel_oops
                0x000000000800a3f2        0x8 zephyr/arch/arch/arm/core/libarch__arm__core.a(fatal.c.obj)
                0x000000000800a3f2                z_do_kernel_oops
 .text.z_arm_nmi
                0x000000000800a3fa        0xe zephyr/arch/arch/arm/core/libarch__arm__core.a(nmi.c.obj)
                0x000000000800a3fa                z_arm_nmi
 .text.z_irq_spurious
                0x000000000800a408        0x8 zephyr/arch/arch/arm/core/cortex_m/libarch__arm__core__cortex_m.a(irq_manage.c.obj)
                0x000000000800a408                z_irq_spurious
 .text.arch_irq_unlock_outlined
                0x000000000800a410        0xe zephyr/arch/arch/arm/core/cortex_m/libarch__arm__core__cortex_m.a(thread.c.obj)
                0x000000000800a410                arch_irq_unlock_outlined
 .text.arch_cpu_idle
                0x000000000800a41e       0x1a zephyr/arch/arch/arm/core/cortex_m/libarch__arm__core__cortex_m.a(cpu_idle.c.obj)
                0x000000000800a41e                arch_cpu_idle
 .text.size_to_mpu_rasr_size
                0x000000000800a438       0x20 zephyr/arch/arch/arm/core/mpu/libarch__arm__core__mpu.a(arm_mpu.c.obj)
 .text.picolibc_put
                0x000000000800a458        0xa zephyr/lib/libc/picolibc/liblib__libc__picolibc.a(libc-hooks.c.obj)
 .text.test_main
                0x000000000800a462       0x16 zephyr/subsys/testsuite/ztest/libsubsys__testsuite__ztest.a(ztest.c.obj)
                0x000000000800a462                test_main
 .text.ztest_relative_filename
                0x000000000800a478        0x2 zephyr/subsys/testsuite/ztest/libsubsys__testsuite__ztest.a(ztest_defaults.c.obj)
                0x000000000800a478                ztest_relative_filename
 .text.z_ztest_should_suite_run
                0x000000000800a47a        0xa zephyr/subsys/testsuite/ztest/libsubsys__testsuite__ztest.a(ztest_defaults.c.obj)
                0x000000000800a47a                z_ztest_should_suite_run
 .text.z_ztest_should_test_run
                0x000000000800a484        0x4 zephyr/subsys/testsuite/ztest/libsubsys__testsuite__ztest.a(ztest_defaults.c.obj)
                0x000000000800a484                z_ztest_should_test_run
 .text.z_ztest_run_all
                0x000000000800a488        0x4 zephyr/subsys/testsuite/ztest/libsubsys__testsuite__ztest.a(ztest_defaults.c.obj)
                0x000000000800a488                z_ztest_run_all
 .text.stm32_exti_init
                0x000000000800a48c       0x92 zephyr/drivers/interrupt_controller/libdrivers__interrupt_controller.a(intc_exti_stm32.c.obj)
 .text.adc_stm32_isr_18_init
                0x000000000800a51e       0x16 zephyr/drivers/adc/libdrivers__adc.a(adc_stm32.c.obj)
 .text.adc_context_start_sampling
                0x000000000800a534       0x1e zephyr/drivers/adc/libdrivers__adc.a(adc_stm32.c.obj)
 .text.adc_context_on_timer_expired
                0x000000000800a552       0x2e zephyr/drivers/adc/libdrivers__adc.a(adc_stm32.c.obj)
 .text.adc_stm32_enable.isra.0
                0x000000000800a580       0x32 zephyr/drivers/adc/libdrivers__adc.a(adc_stm32.c.obj)
 .text.adc_stm32_disable
                0x000000000800a5b2       0x56 zephyr/drivers/adc/libdrivers__adc.a(adc_stm32.c.obj)
 .text.adc_stm32_read_async
                0x000000000800a608       0x44 zephyr/drivers/adc/libdrivers__adc.a(adc_stm32.c.obj)
 .text.adc_stm32_read
                0x000000000800a64c       0x3e zephyr/drivers/adc/libdrivers__adc.a(adc_stm32.c.obj)
 .text.stm32_clock_control_on
                0x000000000800a68a       0x38 zephyr/drivers/clock_control/libdrivers__clock_control.a(clock_stm32_ll_common.c.obj)
 .text.stm32_clock_control_off
                0x000000000800a6c2       0x24 zephyr/drivers/clock_control/libdrivers__clock_control.a(clock_stm32_ll_common.c.obj)
 .text.stm32_clock_control_get_status
                0x000000000800a6e6       0x3a zephyr/drivers/clock_control/libdrivers__clock_control.a(clock_stm32_ll_common.c.obj)
 .text.stm32_clock_control_configure
                0x000000000800a720       0x5a zephyr/drivers/clock_control/libdrivers__clock_control.a(clock_stm32_ll_common.c.obj)
 .text.gpio_stm32_port_get_raw
                0x000000000800a77a        0xc zephyr/drivers/gpio/libdrivers__gpio.a(gpio_stm32.c.obj)
 .text.gpio_stm32_port_set_masked_raw
                0x000000000800a786       0x12 zephyr/drivers/gpio/libdrivers__gpio.a(gpio_stm32.c.obj)
 .text.gpio_stm32_port_set_bits_raw
                0x000000000800a798        0xa zephyr/drivers/gpio/libdrivers__gpio.a(gpio_stm32.c.obj)
 .text.gpio_stm32_port_clear_bits_raw
                0x000000000800a7a2        0xa zephyr/drivers/gpio/libdrivers__gpio.a(gpio_stm32.c.obj)
 .text.gpio_stm32_port_toggle_bits
                0x000000000800a7ac        0xe zephyr/drivers/gpio/libdrivers__gpio.a(gpio_stm32.c.obj)
 .text.gpio_stm32_configure_raw.isra.0
                0x000000000800a7ba      0x116 zephyr/drivers/gpio/libdrivers__gpio.a(gpio_stm32.c.obj)
 .text.gpio_stm32_config
                0x000000000800a8d0       0x72 zephyr/drivers/gpio/libdrivers__gpio.a(gpio_stm32.c.obj)
 .text.gpio_stm32_configure
                0x000000000800a942       0x2a zephyr/drivers/gpio/libdrivers__gpio.a(gpio_stm32.c.obj)
                0x000000000800a942                gpio_stm32_configure
 .text.stm32_i2c_disable_transfer_interrupts
                0x000000000800a96c       0x3e zephyr/drivers/i2c/libdrivers__i2c.a(i2c_ll_stm32_v2.c.obj)
 .text.stm32_i2c_enable_transfer_interrupts.isra.0
                0x000000000800a9aa       0x24 zephyr/drivers/i2c/libdrivers__i2c.a(i2c_ll_stm32_v2.c.obj)
 .text.stm32_i2c_master_mode_end
                0x000000000800a9ce       0x32 zephyr/drivers/i2c/libdrivers__i2c.a(i2c_ll_stm32_v2.c.obj)
 .text.stm32_i2c_event_isr
                0x000000000800aa00       0x8c zephyr/drivers/i2c/libdrivers__i2c.a(i2c_ll_stm32_v2.c.obj)
                0x000000000800aa00                stm32_i2c_event_isr
 .text.stm32_i2c_error_isr
                0x000000000800aa8c       0x32 zephyr/drivers/i2c/libdrivers__i2c.a(i2c_ll_stm32_v2.c.obj)
                0x000000000800aa8c                stm32_i2c_error_isr
 .text.stm32_i2c_transaction
                0x000000000800aabe      0x14e zephyr/drivers/i2c/libdrivers__i2c.a(i2c_ll_stm32_v2.c.obj)
                0x000000000800aabe                stm32_i2c_transaction
 .text.i2c_stm32_irq_config_func_0
                0x000000000800ac0c       0x26 zephyr/drivers/i2c/libdrivers__i2c.a(i2c_ll_stm32.c.obj)
 .text.i2c_stm32_irq_config_func_1
                0x000000000800ac32       0x26 zephyr/drivers/i2c/libdrivers__i2c.a(i2c_ll_stm32.c.obj)
 .text.i2c_stm32_irq_config_func_2
                0x000000000800ac58       0x26 zephyr/drivers/i2c/libdrivers__i2c.a(i2c_ll_stm32.c.obj)
 .text.i2c_stm32_transfer
                0x000000000800ac7e       0x94 zephyr/drivers/i2c/libdrivers__i2c.a(i2c_ll_stm32.c.obj)
 .text.pinctrl_lookup_state
                0x000000000800ad12       0x26 zephyr/drivers/pinctrl/libdrivers__pinctrl.a(common.c.obj)
                0x000000000800ad12                pinctrl_lookup_state
 .text.LL_TIM_OC_SetCompareCH1
                0x000000000800ad38        0x4 zephyr/drivers/pwm/libdrivers__pwm.a(pwm_stm32.c.obj)
 .text.LL_TIM_OC_SetCompareCH2
                0x000000000800ad3c        0x4 zephyr/drivers/pwm/libdrivers__pwm.a(pwm_stm32.c.obj)
 .text.LL_TIM_OC_SetCompareCH3
                0x000000000800ad40        0x4 zephyr/drivers/pwm/libdrivers__pwm.a(pwm_stm32.c.obj)
 .text.LL_TIM_OC_SetCompareCH4
                0x000000000800ad44        0x4 zephyr/drivers/pwm/libdrivers__pwm.a(pwm_stm32.c.obj)
 .text.LL_TIM_OC_SetCompareCH5
                0x000000000800ad48        0x6 zephyr/drivers/pwm/libdrivers__pwm.a(pwm_stm32.c.obj)
 .text.LL_TIM_OC_SetCompareCH6
                0x000000000800ad4e        0x4 zephyr/drivers/pwm/libdrivers__pwm.a(pwm_stm32.c.obj)
 .text.pwm_stm32_get_cycles_per_sec
                0x000000000800ad52       0x16 zephyr/drivers/pwm/libdrivers__pwm.a(pwm_stm32.c.obj)
 .text.reset_stm32_status
                0x000000000800ad68       0x20 zephyr/drivers/reset/libdrivers__reset.a(reset_stm32.c.obj)
 .text.reset_stm32_line_assert
                0x000000000800ad88       0x1c zephyr/drivers/reset/libdrivers__reset.a(reset_stm32.c.obj)
 .text.reset_stm32_line_deassert
                0x000000000800ada4       0x1e zephyr/drivers/reset/libdrivers__reset.a(reset_stm32.c.obj)
 .text.reset_stm32_line_toggle
                0x000000000800adc2       0x16 zephyr/drivers/reset/libdrivers__reset.a(reset_stm32.c.obj)
 .text.stmemsc_i2c_read
                0x000000000800add8       0x38 zephyr/drivers/sensor/st/stmemsc/libdrivers__sensor__st__stmemsc.a(stmemsc_i2c.c.obj)
                0x000000000800add8                stmemsc_i2c_read
 .text.stmemsc_i2c_write
                0x000000000800ae10       0x36 zephyr/drivers/sensor/st/stmemsc/libdrivers__sensor__st__stmemsc.a(stmemsc_i2c.c.obj)
                0x000000000800ae10                stmemsc_i2c_write
 .text.stmemsc_mdelay
                0x000000000800ae46        0xa zephyr/drivers/sensor/st/stmemsc/libdrivers__sensor__st__stmemsc.a(stmemsc_mdelay.c.obj)
                0x000000000800ae46                stmemsc_mdelay
 .text.z_impl_i2c_transfer
                0x000000000800ae50        0xc zephyr/drivers/sensor/st/lis3mdl/libdrivers__sensor__st__lis3mdl.a(lis3mdl.c.obj)
 .text.z_impl_i2c_transfer
                0x000000000800ae5c        0xc zephyr/drivers/sensor/st/lps22hb/libdrivers__sensor__st__lps22hb.a(lps22hb.c.obj)
 .text.i2c_reg_update_byte.constprop.0
                0x000000000800ae68       0x78 zephyr/drivers/sensor/st/lps22hb/libdrivers__sensor__st__lps22hb.a(lps22hb.c.obj)
 .text.lsm6dsl_accel_set_fs_raw
                0x000000000800aee0       0x20 zephyr/drivers/sensor/st/lsm6dsl/libdrivers__sensor__st__lsm6dsl.a(lsm6dsl.c.obj)
 .text.lsm6dsl_gyro_set_fs_raw
                0x000000000800af00       0x28 zephyr/drivers/sensor/st/lsm6dsl/libdrivers__sensor__st__lsm6dsl.a(lsm6dsl.c.obj)
 .text.lsm6dsl_channel_get
                0x000000000800af28       0x94 zephyr/drivers/sensor/st/lsm6dsl/libdrivers__sensor__st__lsm6dsl.a(lsm6dsl.c.obj)
 .text.lsm6dsl_sample_fetch_gyro.isra.0
                0x000000000800afbc       0x2a zephyr/drivers/sensor/st/lsm6dsl/libdrivers__sensor__st__lsm6dsl.a(lsm6dsl.c.obj)
 .text.lsm6dsl_sample_fetch_accel.isra.0
                0x000000000800afe6       0x2a zephyr/drivers/sensor/st/lsm6dsl/libdrivers__sensor__st__lsm6dsl.a(lsm6dsl.c.obj)
 .text.lsm6dsl_sample_fetch
                0x000000000800b010       0x2a zephyr/drivers/sensor/st/lsm6dsl/libdrivers__sensor__st__lsm6dsl.a(lsm6dsl.c.obj)
 .text.i2c_transfer
                0x000000000800b03a        0xc zephyr/drivers/sensor/st/lsm6dsl/libdrivers__sensor__st__lsm6dsl.a(lsm6dsl_i2c.c.obj)
 .text.lsm6dsl_i2c_write_data
                0x000000000800b046       0x34 zephyr/drivers/sensor/st/lsm6dsl/libdrivers__sensor__st__lsm6dsl.a(lsm6dsl_i2c.c.obj)
 .text.lsm6dsl_i2c_read_data
                0x000000000800b07a       0x36 zephyr/drivers/sensor/st/lsm6dsl/libdrivers__sensor__st__lsm6dsl.a(lsm6dsl_i2c.c.obj)
 .text.lsm6dsl_i2c_read_reg
                0x000000000800b0b0       0x34 zephyr/drivers/sensor/st/lsm6dsl/libdrivers__sensor__st__lsm6dsl.a(lsm6dsl_i2c.c.obj)
 .text.lsm6dsl_i2c_update_reg
                0x000000000800b0e4       0x7a zephyr/drivers/sensor/st/lsm6dsl/libdrivers__sensor__st__lsm6dsl.a(lsm6dsl_i2c.c.obj)
 .text.lsm6dsl_gpio_callback
                0x000000000800b15e       0x1c zephyr/drivers/sensor/st/lsm6dsl/libdrivers__sensor__st__lsm6dsl.a(lsm6dsl_trigger.c.obj)
 .text.lsm6dsl_work_cb
                0x000000000800b17a       0x1e zephyr/drivers/sensor/st/lsm6dsl/libdrivers__sensor__st__lsm6dsl.a(lsm6dsl_trigger.c.obj)
 .text.stm32_vbat_channel_get
                0x000000000800b198       0x44 zephyr/drivers/sensor/st/stm32_vbat/libdrivers__sensor__st__stm32_vbat.a(stm32_vbat.c.obj)
 .text.vl53l0x_channel_get
                0x000000000800b1dc       0x46 zephyr/drivers/sensor/st/vl53l0x/libdrivers__sensor__st__vl53l0x.a(vl53l0x.c.obj)
 .text.i2c_burst_read
                0x000000000800b222       0x34 zephyr/drivers/sensor/st/vl53l0x/libdrivers__sensor__st__vl53l0x.a(vl53l0x_platform.c.obj)
 .text.i2c_write
                0x000000000800b256       0x1a zephyr/drivers/sensor/st/vl53l0x/libdrivers__sensor__st__vl53l0x.a(vl53l0x_platform.c.obj)
 .text.VL53L0X_PollingDelay
                0x000000000800b270        0xe zephyr/drivers/sensor/st/vl53l0x/libdrivers__sensor__st__vl53l0x.a(vl53l0x_platform.c.obj)
                0x000000000800b270                VL53L0X_PollingDelay
 .text.uart_stm32_ll2cfg_databits
                0x000000000800b27e       0x2a zephyr/drivers/serial/libdrivers__serial.a(uart_stm32.c.obj)
 .text.uart_stm32_err_check
                0x000000000800b2a8       0x62 zephyr/drivers/serial/libdrivers__serial.a(uart_stm32.c.obj)
 .text.uart_stm32_irq_tx_enable
                0x000000000800b30a       0x16 zephyr/drivers/serial/libdrivers__serial.a(uart_stm32.c.obj)
 .text.uart_stm32_irq_tx_disable
                0x000000000800b320       0x16 zephyr/drivers/serial/libdrivers__serial.a(uart_stm32.c.obj)
 .text.uart_stm32_irq_rx_enable
                0x000000000800b336       0x16 zephyr/drivers/serial/libdrivers__serial.a(uart_stm32.c.obj)
 .text.uart_stm32_irq_rx_disable
                0x000000000800b34c       0x16 zephyr/drivers/serial/libdrivers__serial.a(uart_stm32.c.obj)
 .text.uart_stm32_irq_rx_ready
                0x000000000800b362        0xc zephyr/drivers/serial/libdrivers__serial.a(uart_stm32.c.obj)
 .text.uart_stm32_irq_update
                0x000000000800b36e        0x4 zephyr/drivers/serial/libdrivers__serial.a(uart_stm32.c.obj)
 .text.uart_stm32_irq_callback_set
                0x000000000800b372        0x8 zephyr/drivers/serial/libdrivers__serial.a(uart_stm32.c.obj)
 .text.uart_stm32_isr
                0x000000000800b37a        0xc zephyr/drivers/serial/libdrivers__serial.a(uart_stm32.c.obj)
 .text.uart_stm32_irq_config_func_0
                0x000000000800b386       0x16 zephyr/drivers/serial/libdrivers__serial.a(uart_stm32.c.obj)
 .text.uart_stm32_irq_config_func_1
                0x000000000800b39c       0x16 zephyr/drivers/serial/libdrivers__serial.a(uart_stm32.c.obj)
 .text.uart_stm32_irq_tx_complete
                0x000000000800b3b2        0xc zephyr/drivers/serial/libdrivers__serial.a(uart_stm32.c.obj)
 .text.uart_stm32_irq_tx_ready
                0x000000000800b3be       0x14 zephyr/drivers/serial/libdrivers__serial.a(uart_stm32.c.obj)
 .text.uart_stm32_config_get
                0x000000000800b3d2       0x92 zephyr/drivers/serial/libdrivers__serial.a(uart_stm32.c.obj)
 .text.uart_stm32_fifo_fill
                0x000000000800b464       0x62 zephyr/drivers/serial/libdrivers__serial.a(uart_stm32.c.obj)
 .text.uart_stm32_poll_out
                0x000000000800b4c6       0x38 zephyr/drivers/serial/libdrivers__serial.a(uart_stm32.c.obj)
 .text.uart_stm32_irq_is_pending
                0x000000000800b4fe       0x24 zephyr/drivers/serial/libdrivers__serial.a(uart_stm32.c.obj)
 .text.uart_stm32_fifo_read
                0x000000000800b522       0x4c zephyr/drivers/serial/libdrivers__serial.a(uart_stm32.c.obj)
 .text.uart_stm32_poll_in
                0x000000000800b56e       0x22 zephyr/drivers/serial/libdrivers__serial.a(uart_stm32.c.obj)
 .text.VL53L0X_GetDeviceInfo
                0x000000000800b590        0x4 modules/hal_st/lib..__modules__hal__st.a(vl53l0x_api.c.obj)
                0x000000000800b590                VL53L0X_GetDeviceInfo
 .text.VL53L0X_GetFractionEnable
                0x000000000800b594       0x18 modules/hal_st/lib..__modules__hal__st.a(vl53l0x_api.c.obj)
                0x000000000800b594                VL53L0X_GetFractionEnable
 .text.VL53L0X_SetMeasurementTimingBudgetMicroSeconds
                0x000000000800b5ac        0x4 modules/hal_st/lib..__modules__hal__st.a(vl53l0x_api.c.obj)
                0x000000000800b5ac                VL53L0X_SetMeasurementTimingBudgetMicroSeconds
 .text.VL53L0X_SetVcselPulsePeriod
                0x000000000800b5b0        0x4 modules/hal_st/lib..__modules__hal__st.a(vl53l0x_api.c.obj)
                0x000000000800b5b0                VL53L0X_SetVcselPulsePeriod
 .text.VL53L0X_GetVcselPulsePeriod
                0x000000000800b5b4        0x4 modules/hal_st/lib..__modules__hal__st.a(vl53l0x_api.c.obj)
                0x000000000800b5b4                VL53L0X_GetVcselPulsePeriod
 .text.VL53L0X_SetSequenceStepEnable
                0x000000000800b5b8       0xbc modules/hal_st/lib..__modules__hal__st.a(vl53l0x_api.c.obj)
                0x000000000800b5b8                VL53L0X_SetSequenceStepEnable
 .text.VL53L0X_GetSequenceStepEnables
                0x000000000800b674       0x3a modules/hal_st/lib..__modules__hal__st.a(vl53l0x_api.c.obj)
                0x000000000800b674                VL53L0X_GetSequenceStepEnables
 .text.VL53L0X_GetInterMeasurementPeriodMilliSeconds
                0x000000000800b6ae       0x34 modules/hal_st/lib..__modules__hal__st.a(vl53l0x_api.c.obj)
                0x000000000800b6ae                VL53L0X_GetInterMeasurementPeriodMilliSeconds
 .text.VL53L0X_GetXTalkCompensationEnable
                0x000000000800b6e2        0x8 modules/hal_st/lib..__modules__hal__st.a(vl53l0x_api.c.obj)
                0x000000000800b6e2                VL53L0X_GetXTalkCompensationEnable
 .text.VL53L0X_GetXTalkCompensationRateMegaCps
                0x000000000800b6ea       0x2e modules/hal_st/lib..__modules__hal__st.a(vl53l0x_api.c.obj)
                0x000000000800b6ea                VL53L0X_GetXTalkCompensationRateMegaCps
 .text.VL53L0X_SetLimitCheckEnable
                0x000000000800b718       0x7a modules/hal_st/lib..__modules__hal__st.a(vl53l0x_api.c.obj)
                0x000000000800b718                VL53L0X_SetLimitCheckEnable
 .text.VL53L0X_GetLimitCheckEnable
                0x000000000800b792       0x18 modules/hal_st/lib..__modules__hal__st.a(vl53l0x_api.c.obj)
                0x000000000800b792                VL53L0X_GetLimitCheckEnable
 .text.VL53L0X_SetLimitCheckValue
                0x000000000800b7aa       0x52 modules/hal_st/lib..__modules__hal__st.a(vl53l0x_api.c.obj)
                0x000000000800b7aa                VL53L0X_SetLimitCheckValue
 .text.VL53L0X_GetLimitCheckValue
                0x000000000800b7fc       0x68 modules/hal_st/lib..__modules__hal__st.a(vl53l0x_api.c.obj)
                0x000000000800b7fc                VL53L0X_GetLimitCheckValue
 .text.VL53L0X_GetWrapAroundCheckEnable
                0x000000000800b864       0x26 modules/hal_st/lib..__modules__hal__st.a(vl53l0x_api.c.obj)
                0x000000000800b864                VL53L0X_GetWrapAroundCheckEnable
 .text.VL53L0X_GetDeviceParameters
                0x000000000800b88a       0x76 modules/hal_st/lib..__modules__hal__st.a(vl53l0x_api.c.obj)
                0x000000000800b88a                VL53L0X_GetDeviceParameters
 .text.VL53L0X_PerformRefCalibration
                0x000000000800b900        0x6 modules/hal_st/lib..__modules__hal__st.a(vl53l0x_api.c.obj)
                0x000000000800b900                VL53L0X_PerformRefCalibration
 .text.VL53L0X_GetRangingMeasurementData
                0x000000000800b906      0x110 modules/hal_st/lib..__modules__hal__st.a(vl53l0x_api.c.obj)
                0x000000000800b906                VL53L0X_GetRangingMeasurementData
 .text.VL53L0X_StartMeasurement
                0x000000000800ba16       0xd2 modules/hal_st/lib..__modules__hal__st.a(vl53l0x_api.c.obj)
                0x000000000800ba16                VL53L0X_StartMeasurement
 .text.VL53L0X_PerformSingleMeasurement
                0x000000000800bae8       0x28 modules/hal_st/lib..__modules__hal__st.a(vl53l0x_api.c.obj)
                0x000000000800bae8                VL53L0X_PerformSingleMeasurement
 .text.VL53L0X_ClearInterruptMask
                0x000000000800bb10       0x58 modules/hal_st/lib..__modules__hal__st.a(vl53l0x_api.c.obj)
                0x000000000800bb10                VL53L0X_ClearInterruptMask
 .text.VL53L0X_PerformSingleRangingMeasurement
                0x000000000800bb68       0x28 modules/hal_st/lib..__modules__hal__st.a(vl53l0x_api.c.obj)
                0x000000000800bb68                VL53L0X_PerformSingleRangingMeasurement
 .text.VL53L0X_SetGpioConfig.part.0
                0x000000000800bb90      0x116 modules/hal_st/lib..__modules__hal__st.a(vl53l0x_api.c.obj)
 .text.VL53L0X_GetInterruptMaskStatus
                0x000000000800bca6       0x26 modules/hal_st/lib..__modules__hal__st.a(vl53l0x_api.c.obj)
                0x000000000800bca6                VL53L0X_GetInterruptMaskStatus
 .text.VL53L0X_GetMeasurementDataReady
                0x000000000800bccc       0x36 modules/hal_st/lib..__modules__hal__st.a(vl53l0x_api.c.obj)
                0x000000000800bccc                VL53L0X_GetMeasurementDataReady
 .text.VL53L0X_PerformRefSpadManagement
                0x000000000800bd02        0x4 modules/hal_st/lib..__modules__hal__st.a(vl53l0x_api.c.obj)
                0x000000000800bd02                VL53L0X_PerformRefSpadManagement
 .text.VL53L0X_get_offset_calibration_data_micro_meter
                0x000000000800bd06       0x34 modules/hal_st/lib..__modules__hal__st.a(vl53l0x_api_calibration.c.obj)
                0x000000000800bd06                VL53L0X_get_offset_calibration_data_micro_meter
 .text.get_next_good_spad
                0x000000000800bd3a       0x3e modules/hal_st/lib..__modules__hal__st.a(vl53l0x_api_calibration.c.obj)
                0x000000000800bd3a                get_next_good_spad
 .text.enable_spad_bit
                0x000000000800bd78       0x24 modules/hal_st/lib..__modules__hal__st.a(vl53l0x_api_calibration.c.obj)
                0x000000000800bd78                enable_spad_bit
 .text.set_ref_spad_map
                0x000000000800bd9c        0xa modules/hal_st/lib..__modules__hal__st.a(vl53l0x_api_calibration.c.obj)
                0x000000000800bd9c                set_ref_spad_map
 .text.get_ref_spad_map
                0x000000000800bda6        0xa modules/hal_st/lib..__modules__hal__st.a(vl53l0x_api_calibration.c.obj)
                0x000000000800bda6                get_ref_spad_map
 .text.enable_ref_spads
                0x000000000800bdb0       0x96 modules/hal_st/lib..__modules__hal__st.a(vl53l0x_api_calibration.c.obj)
                0x000000000800bdb0                enable_ref_spads
 .text.perform_ref_signal_measurement
                0x000000000800be46       0x58 modules/hal_st/lib..__modules__hal__st.a(vl53l0x_api_calibration.c.obj)
                0x000000000800be46                perform_ref_signal_measurement
 .text.VL53L0X_set_reference_spads
                0x000000000800be9e       0x98 modules/hal_st/lib..__modules__hal__st.a(vl53l0x_api_calibration.c.obj)
                0x000000000800be9e                VL53L0X_set_reference_spads
 .text.VL53L0X_perform_single_ref_calibration
                0x000000000800bf36       0x32 modules/hal_st/lib..__modules__hal__st.a(vl53l0x_api_calibration.c.obj)
                0x000000000800bf36                VL53L0X_perform_single_ref_calibration
 .text.VL53L0X_ref_calibration_io
                0x000000000800bf68       0xd6 modules/hal_st/lib..__modules__hal__st.a(vl53l0x_api_calibration.c.obj)
                0x000000000800bf68                VL53L0X_ref_calibration_io
 .text.VL53L0X_perform_vhv_calibration
                0x000000000800c03e       0x86 modules/hal_st/lib..__modules__hal__st.a(vl53l0x_api_calibration.c.obj)
                0x000000000800c03e                VL53L0X_perform_vhv_calibration
 .text.VL53L0X_perform_phase_calibration
                0x000000000800c0c4       0x80 modules/hal_st/lib..__modules__hal__st.a(vl53l0x_api_calibration.c.obj)
                0x000000000800c0c4                VL53L0X_perform_phase_calibration
 .text.VL53L0X_perform_ref_calibration
                0x000000000800c144       0x36 modules/hal_st/lib..__modules__hal__st.a(vl53l0x_api_calibration.c.obj)
                0x000000000800c144                VL53L0X_perform_ref_calibration
 .text.VL53L0X_perform_ref_spad_management
                0x000000000800c17a      0x254 modules/hal_st/lib..__modules__hal__st.a(vl53l0x_api_calibration.c.obj)
                0x000000000800c17a                VL53L0X_perform_ref_spad_management
 .text.VL53L0X_measurement_poll_for_completion
                0x000000000800c3ce       0x36 modules/hal_st/lib..__modules__hal__st.a(vl53l0x_api_core.c.obj)
                0x000000000800c3ce                VL53L0X_measurement_poll_for_completion
 .text.VL53L0X_isqrt
                0x000000000800c404       0x26 modules/hal_st/lib..__modules__hal__st.a(vl53l0x_api_core.c.obj)
                0x000000000800c404                VL53L0X_isqrt
 .text.VL53L0X_device_read_strobe
                0x000000000800c42a       0x48 modules/hal_st/lib..__modules__hal__st.a(vl53l0x_api_core.c.obj)
                0x000000000800c42a                VL53L0X_device_read_strobe
 .text.VL53L0X_get_info_from_device
                0x000000000800c472      0x53a modules/hal_st/lib..__modules__hal__st.a(vl53l0x_api_core.c.obj)
                0x000000000800c472                VL53L0X_get_info_from_device
 .text.VL53L0X_encode_timeout
                0x000000000800c9ac       0x1c modules/hal_st/lib..__modules__hal__st.a(vl53l0x_api_core.c.obj)
                0x000000000800c9ac                VL53L0X_encode_timeout
 .text.VL53L0X_decode_timeout
                0x000000000800c9c8        0xc modules/hal_st/lib..__modules__hal__st.a(vl53l0x_api_core.c.obj)
                0x000000000800c9c8                VL53L0X_decode_timeout
 .text.get_sequence_step_timeout
                0x000000000800c9d4       0xfe modules/hal_st/lib..__modules__hal__st.a(vl53l0x_api_core.c.obj)
                0x000000000800c9d4                get_sequence_step_timeout
 .text.set_sequence_step_timeout
                0x000000000800cad2      0x10e modules/hal_st/lib..__modules__hal__st.a(vl53l0x_api_core.c.obj)
                0x000000000800cad2                set_sequence_step_timeout
 .text.VL53L0X_set_vcsel_pulse_period
                0x000000000800cbe0      0x2fe modules/hal_st/lib..__modules__hal__st.a(vl53l0x_api_core.c.obj)
                0x000000000800cbe0                VL53L0X_set_vcsel_pulse_period
 .text.VL53L0X_get_vcsel_pulse_period
                0x000000000800cede       0x34 modules/hal_st/lib..__modules__hal__st.a(vl53l0x_api_core.c.obj)
                0x000000000800cede                VL53L0X_get_vcsel_pulse_period
 .text.VL53L0X_set_measurement_timing_budget_micro_seconds
                0x000000000800cf12       0xd0 modules/hal_st/lib..__modules__hal__st.a(vl53l0x_api_core.c.obj)
                0x000000000800cf12                VL53L0X_set_measurement_timing_budget_micro_seconds
 .text.VL53L0X_get_measurement_timing_budget_micro_seconds
                0x000000000800cfe2       0xca modules/hal_st/lib..__modules__hal__st.a(vl53l0x_api_core.c.obj)
                0x000000000800cfe2                VL53L0X_get_measurement_timing_budget_micro_seconds
 .text.VL53L0X_load_tuning_settings
                0x000000000800d0ac       0x94 modules/hal_st/lib..__modules__hal__st.a(vl53l0x_api_core.c.obj)
                0x000000000800d0ac                VL53L0X_load_tuning_settings
 .text.VL53L0X_get_total_xtalk_rate
                0x000000000800d140       0x2c modules/hal_st/lib..__modules__hal__st.a(vl53l0x_api_core.c.obj)
                0x000000000800d140                VL53L0X_get_total_xtalk_rate
 .text.VL53L0X_get_total_signal_rate
                0x000000000800d16c       0x1c modules/hal_st/lib..__modules__hal__st.a(vl53l0x_api_core.c.obj)
                0x000000000800d16c                VL53L0X_get_total_signal_rate
 .text.VL53L0X_get_pal_range_status
                0x000000000800d188      0x22e modules/hal_st/lib..__modules__hal__st.a(vl53l0x_api_core.c.obj)
                0x000000000800d188                VL53L0X_get_pal_range_status
 .text.hts221_read_reg
                0x000000000800d3b6        0xc modules/hal_st/lib..__modules__hal__st.a(hts221_reg.c.obj)
                0x000000000800d3b6                hts221_read_reg
 .text.hts221_write_reg
                0x000000000800d3c2        0xc modules/hal_st/lib..__modules__hal__st.a(hts221_reg.c.obj)
                0x000000000800d3c2                hts221_write_reg
 .text.hts221_data_rate_set
                0x000000000800d3ce       0x2e modules/hal_st/lib..__modules__hal__st.a(hts221_reg.c.obj)
                0x000000000800d3ce                hts221_data_rate_set
 .text.hts221_block_data_update_set
                0x000000000800d3fc       0x2e modules/hal_st/lib..__modules__hal__st.a(hts221_reg.c.obj)
                0x000000000800d3fc                hts221_block_data_update_set
 .text.hts221_device_id_get
                0x000000000800d42a        0xe modules/hal_st/lib..__modules__hal__st.a(hts221_reg.c.obj)
                0x000000000800d42a                hts221_device_id_get
 .text.hts221_power_on_set
                0x000000000800d438       0x2e modules/hal_st/lib..__modules__hal__st.a(hts221_reg.c.obj)
                0x000000000800d438                hts221_power_on_set
 .text.LL_TIM_StructInit
                0x000000000800d466       0x12 modules/stm32/stm32cube/lib..__modules__hal__stm32__stm32cube.a(stm32l4xx_ll_tim.c.obj)
                0x000000000800d466                LL_TIM_StructInit
 .text.LL_TIM_OC_StructInit
                0x000000000800d478       0x14 modules/stm32/stm32cube/lib..__modules__hal__stm32__stm32cube.a(stm32l4xx_ll_tim.c.obj)
                0x000000000800d478                LL_TIM_OC_StructInit
 .text.z_impl_k_busy_wait
                0x000000000800d48c       0x1c zephyr/kernel/libkernel.a(busy_wait.c.obj)
                0x000000000800d48c                z_impl_k_busy_wait
 .text.z_device_is_ready
                0x000000000800d4a8       0x16 zephyr/kernel/libkernel.a(device.c.obj)
                0x000000000800d4a8                z_device_is_ready
 .text.arch_system_halt
                0x000000000800d4be       0x10 zephyr/kernel/libkernel.a(fatal.c.obj)
                0x000000000800d4be                arch_system_halt
 .text.do_device_init
                0x000000000800d4ce       0x30 zephyr/kernel/libkernel.a(init.c.obj)
 .text.z_early_memset
                0x000000000800d4fe        0x4 zephyr/kernel/libkernel.a(init.c.obj)
                0x000000000800d4fe                z_early_memset
 .text.z_early_memcpy
                0x000000000800d502        0x4 zephyr/kernel/libkernel.a(init.c.obj)
                0x000000000800d502                z_early_memcpy
 .text.create_free_list
                0x000000000800d506       0x2c zephyr/kernel/libkernel.a(mem_slab.c.obj)
 .text.adjust_owner_prio.isra.0
                0x000000000800d532       0x10 zephyr/kernel/libkernel.a(mutex.c.obj)
 .text.z_impl_k_mutex_init
                0x000000000800d542        0xe zephyr/kernel/libkernel.a(mutex.c.obj)
                0x000000000800d542                z_impl_k_mutex_init
 .text.z_impl_k_sem_init
                0x000000000800d550       0x20 zephyr/kernel/libkernel.a(sem.c.obj)
                0x000000000800d550                z_impl_k_sem_init
 .text.flag_test_and_clear
                0x000000000800d570       0x16 zephyr/kernel/libkernel.a(work.c.obj)
 .text.notify_queue_locked.isra.0
                0x000000000800d586        0xe zephyr/kernel/libkernel.a(work.c.obj)
 .text.k_work_submit_to_queue
                0x000000000800d594       0x20 zephyr/kernel/libkernel.a(work.c.obj)
                0x000000000800d594                k_work_submit_to_queue
 .text.k_is_in_isr
                0x000000000800d5b4        0xc zephyr/kernel/libkernel.a(thread.c.obj)
                0x000000000800d5b4                k_is_in_isr
 .text.k_thread_name_get
                0x000000000800d5c0        0x4 zephyr/kernel/libkernel.a(thread.c.obj)
                0x000000000800d5c0                k_thread_name_get
 .text.z_impl_k_thread_start
                0x000000000800d5c4        0x4 zephyr/kernel/libkernel.a(thread.c.obj)
                0x000000000800d5c4                z_impl_k_thread_start
 .text.sys_dlist_remove
                0x000000000800d5c8       0x10 zephyr/kernel/libkernel.a(sched.c.obj)
 .text.add_to_waitq_locked
                0x000000000800d5d8       0x50 zephyr/kernel/libkernel.a(sched.c.obj)
 .text.z_thread_timeout
                0x000000000800d628        0x8 zephyr/kernel/libkernel.a(sched.c.obj)
                0x000000000800d628                z_thread_timeout
 .text.z_impl_k_usleep
                0x000000000800d630       0x28 zephyr/kernel/libkernel.a(sched.c.obj)
                0x000000000800d630                z_impl_k_usleep
 .text.sys_clock_tick_get_32
                0x000000000800d658        0x8 zephyr/kernel/libkernel.a(timeout.c.obj)
                0x000000000800d658                sys_clock_tick_get_32
 .text.z_impl_k_uptime_ticks
                0x000000000800d660        0x4 zephyr/kernel/libkernel.a(timeout.c.obj)
                0x000000000800d660                z_impl_k_uptime_ticks
 .text.k_timer_init
                0x000000000800d664       0x18 zephyr/kernel/libkernel.a(timer.c.obj)
                0x000000000800d664                k_timer_init
 .text.z_impl_k_timer_stop
                0x000000000800d67c       0x38 zephyr/kernel/libkernel.a(timer.c.obj)
                0x000000000800d67c                z_impl_k_timer_stop
 .text.signal_poll_event
                0x000000000800d6b4       0x8c zephyr/kernel/libkernel.a(poll.c.obj)
 .text.strncpy  0x000000000800d740       0x20 c:\progra~1\zephyr~1.5-1\arm-ze~1\bin\../lib/gcc/../../picolibc/arm-zephyr-eabi/lib/thumb/v7e-m/nofp\libc.a(libc_string_strncpy.c.o)
                0x000000000800d740                strncpy
 .text.strnlen  0x000000000800d760       0x18 c:\progra~1\zephyr~1.5-1\arm-ze~1\bin\../lib/gcc/../../picolibc/arm-zephyr-eabi/lib/thumb/v7e-m/nofp\libc.a(libc_string_strnlen.c.o)
                0x000000000800d760                strnlen
 .text.__ultoa_invert
                0x000000000800d778       0xae c:\progra~1\zephyr~1.5-1\arm-ze~1\bin\../lib/gcc/../../picolibc/arm-zephyr-eabi/lib/thumb/v7e-m/nofp\libc.a(libc_tinystdio_vflprintf.c.o)
 .text.memcpy   0x000000000800d826       0x1c c:\progra~1\zephyr~1.5-1\arm-ze~1\bin\../lib/gcc/../../picolibc/arm-zephyr-eabi/lib/thumb/v7e-m/nofp\libc.a(memcpy.c.o)
                0x000000000800d826                __aeabi_memcpy
                0x000000000800d826                __aeabi_memcpy4
                0x000000000800d826                __aeabi_memcpy8
                0x000000000800d826                memcpy
 .text.memset   0x000000000800d842       0x10 c:\progra~1\zephyr~1.5-1\arm-ze~1\bin\../lib/gcc/../../picolibc/arm-zephyr-eabi/lib/thumb/v7e-m/nofp\libc.a(memset.c.o)
                0x000000000800d842                memset
 *(SORT_BY_ALIGNMENT(.TEXT.*))
 *fill*         0x000000000800d852        0x2 
 .TEXT.__aeabi_read_tp
                0x000000000800d854        0xc zephyr/arch/arch/arm/core/cortex_m/libarch__arm__core__cortex_m.a(__aeabi_read_tp.S.obj)
                0x000000000800d854                __aeabi_read_tp
 *(SORT_BY_ALIGNMENT(.gnu.linkonce.t.*))
 *(SORT_BY_ALIGNMENT(.glue_7t))
 .glue_7t       0x000000000800d860        0x0 linker stubs
 *(SORT_BY_ALIGNMENT(.glue_7))
 .glue_7        0x000000000800d860        0x0 linker stubs
 *(SORT_BY_ALIGNMENT(.vfp11_veneer))
 .vfp11_veneer  0x000000000800d860        0x0 linker stubs
 *(SORT_BY_ALIGNMENT(.v4_bx))
 .v4_bx         0x000000000800d860        0x0 linker stubs
                0x000000000800d860                . = ALIGN (0x4)
                0x000000000800d860                __text_region_end = .

.ARM.exidx      0x000000000800d860        0x8
                0x000000000800d860                __exidx_start = .
 *(SORT_BY_ALIGNMENT(.ARM.exidx*) SORT_BY_ALIGNMENT(gnu.linkonce.armexidx.*))
 .ARM.exidx     0x000000000800d860        0x8 c:/program files/zephyr-sdk-0.16.5-1/arm-zephyr-eabi/bin/../lib/gcc/arm-zephyr-eabi/12.2.0/thumb/v7e-m/nofp\libgcc.a(_udivmoddi4.o)
 .ARM.exidx     0x000000000800d868        0x0 c:\progra~1\zephyr~1.5-1\arm-ze~1\bin\../lib/gcc/../../picolibc/arm-zephyr-eabi/lib/thumb/v7e-m/nofp\libc.a(strcmp.S.o)
                                          0x8 (size before relaxing)
 .ARM.exidx     0x000000000800d868        0x0 c:\progra~1\zephyr~1.5-1\arm-ze~1\bin\../lib/gcc/../../picolibc/arm-zephyr-eabi/lib/thumb/v7e-m/nofp\libc.a(strcpy.S.o)
                                          0x8 (size before relaxing)
                0x000000000800d868                __exidx_end = .
                0x000000000800d868                __rodata_region_start = .

initlevel       0x000000000800d868      0x110
                0x000000000800d868                __init_start = .
                0x000000000800d868                __init_EARLY_start = .
 *(SORT_BY_NAME(SORT_BY_ALIGNMENT(.z_init_EARLY?_*)))
 *(SORT_BY_NAME(SORT_BY_ALIGNMENT(.z_init_EARLY??_*)))
                0x000000000800d868                __init_PRE_KERNEL_1_start = .